/home/richman954/NDEA_Evolve_offruntime/exp014/lean/GlobalLinearEvolution.lean:21:0: warning: automatically included section variable(s) unused in theorem `NDEAEvolve.Exp014.dysonTerm_continuous`:
  [CompleteSpace E]
consider restructuring your `variable` declarations so that the variables are not in scope or explicitly omit them:
  omit [CompleteSpace E] in theorem ...

Note: This linter can be disabled with `set_option linter.unusedSectionVars false`
/home/richman954/NDEA_Evolve_offruntime/exp014/lean/GlobalLinearEvolution.lean:39:0: warning: automatically included section variable(s) unused in theorem `NDEAEvolve.Exp014.dysonTerm_succ_zero`:
  [CompleteSpace E]
consider restructuring your `variable` declarations so that the variables are not in scope or explicitly omit them:
  omit [CompleteSpace E] in theorem ...

Note: This linter can be disabled with `set_option linter.unusedSectionVars false`
/home/richman954/NDEA_Evolve_offruntime/exp014/lean/GlobalLinearEvolution.lean:43:0: warning: automatically included section variable(s) unused in theorem `NDEAEvolve.Exp014.dysonTerm_norm_le`:
  [CompleteSpace E]
consider restructuring your `variable` declarations so that the variables are not in scope or explicitly omit them:
  omit [CompleteSpace E] in theorem ...

Note: This linter can be disabled with `set_option linter.unusedSectionVars false`
/home/richman954/NDEA_Evolve_offruntime/exp014/lean/GlobalLinearEvolution.lean:132:0: warning: automatically included section variable(s) unused in theorem `NDEAEvolve.Exp014.operatorEvaluation_continuous`:
  [CompleteSpace E]
consider restructuring your `variable` declarations so that the variables are not in scope or explicitly omit them:
  omit [CompleteSpace E] in theorem ...

Note: This linter can be disabled with `set_option linter.unusedSectionVars false`
