/home/richman954/NDEA_Evolve_offruntime/exp016/lean/AffineReconstruction.lean:23:0: warning: automatically included section variable(s) unused in theorem `NDEAEvolve.Exp016.affineProfile_left`:
  [CompleteSpace H]
consider restructuring your `variable` declarations so that the variables are not in scope or explicitly omit them:
  omit [CompleteSpace H] in theorem ...

Note: This linter can be disabled with `set_option linter.unusedSectionVars false`
/home/richman954/NDEA_Evolve_offruntime/exp016/lean/AffineReconstruction.lean:27:0: warning: automatically included section variable(s) unused in theorem `NDEAEvolve.Exp016.affineProfile_right`:
  [CompleteSpace H]
consider restructuring your `variable` declarations so that the variables are not in scope or explicitly omit them:
  omit [CompleteSpace H] in theorem ...

Note: This linter can be disabled with `set_option linter.unusedSectionVars false`
/home/richman954/NDEA_Evolve_offruntime/exp016/lean/AffineReconstruction.lean:37:0: warning: automatically included section variable(s) unused in theorem `NDEAEvolve.Exp016.affineProfile_time_hasDerivAt`:
  [CompleteSpace H]
consider restructuring your `variable` declarations so that the variables are not in scope or explicitly omit them:
  omit [CompleteSpace H] in theorem ...

Note: This linter can be disabled with `set_option linter.unusedSectionVars false`
/home/richman954/NDEA_Evolve_offruntime/exp016/lean/AffineReconstruction.lean:45:0: warning: automatically included section variable(s) unused in theorem `NDEAEvolve.Exp016.affineProfile_space_hasDerivAt`:
  [CompleteSpace H]
consider restructuring your `variable` declarations so that the variables are not in scope or explicitly omit them:
  omit [CompleteSpace H] in theorem ...

Note: This linter can be disabled with `set_option linter.unusedSectionVars false`
/home/richman954/NDEA_Evolve_offruntime/exp016/lean/AffineReconstruction.lean:80:0: warning: automatically included section variable(s) unused in theorem `NDEAEvolve.Exp016.affineProfile_continuous`:
  [CompleteSpace H]
consider restructuring your `variable` declarations so that the variables are not in scope or explicitly omit them:
  omit [CompleteSpace H] in theorem ...

Note: This linter can be disabled with `set_option linter.unusedSectionVars false`
/home/richman954/NDEA_Evolve_offruntime/exp016/lean/AffineReconstruction.lean:88:0: warning: automatically included section variable(s) unused in theorem `NDEAEvolve.Exp016.affineProfile_periodic`:
  [CompleteSpace H]
consider restructuring your `variable` declarations so that the variables are not in scope or explicitly omit them:
  omit [CompleteSpace H] in theorem ...

Note: This linter can be disabled with `set_option linter.unusedSectionVars false`
/home/richman954/NDEA_Evolve_offruntime/exp016/lean/AffineReconstruction.lean:136:0: warning: automatically included section variable(s) unused in theorem `NDEAEvolve.Exp016.synthesis_affineProfile`:
  [CompleteSpace H]
consider restructuring your `variable` declarations so that the variables are not in scope or explicitly omit them:
  omit [CompleteSpace H] in theorem ...

Note: This linter can be disabled with `set_option linter.unusedSectionVars false`
