/home/richman954/NDEA_Evolve_offruntime/exp006/lean/CombinedVerification.lean:601:2: warning: Used `tac1 <;> tac2` where `(tac1; tac2)` would suffice

Note: This linter can be disabled with `set_option linter.unnecessarySeqFocus false`
/home/richman954/NDEA_Evolve_offruntime/exp006/lean/CombinedVerification.lean:602:2: warning: Used `tac1 <;> tac2` where `(tac1; tac2)` would suffice

Note: This linter can be disabled with `set_option linter.unnecessarySeqFocus false`
/home/richman954/NDEA_Evolve_offruntime/exp006/lean/CombinedVerification.lean:1139:8: warning: automatically included section variable(s) unused in theorem `_private.CombinedVerification.0.NDEAEvolve.Exp003.norm_pow_le_with_norm_one_le`:
  [NormedAlgebra ℂ 𝔸]
  [CompleteSpace 𝔸]
consider restructuring your `variable` declarations so that the variables are not in scope or explicitly omit them:
  omit [NormedAlgebra ℂ 𝔸] [CompleteSpace 𝔸] in theorem ...

Note: This linter can be disabled with `set_option linter.unusedSectionVars false`
/home/richman954/NDEA_Evolve_offruntime/exp006/lean/CombinedVerification.lean:1376:21: warning: Used `tac1 <;> tac2` where `(tac1; tac2)` would suffice

Note: This linter can be disabled with `set_option linter.unnecessarySeqFocus false`
/home/richman954/NDEA_Evolve_offruntime/exp006/lean/CombinedVerification.lean:1376:46: warning: Used `tac1 <;> tac2` where `(tac1; tac2)` would suffice

Note: This linter can be disabled with `set_option linter.unnecessarySeqFocus false`
/home/richman954/NDEA_Evolve_offruntime/exp006/lean/CombinedVerification.lean:1812:50: warning: 'ring' tactic does nothing

Note: This linter can be disabled with `set_option linter.unusedTactic false`
/home/richman954/NDEA_Evolve_offruntime/exp006/lean/CombinedVerification.lean:1812:50: warning: this tactic is never executed

Note: This linter can be disabled with `set_option linter.unreachableTactic false`
/home/richman954/NDEA_Evolve_offruntime/exp006/lean/CombinedVerification.lean:1812:21: warning: Used `tac1 <;> tac2` where `(tac1; tac2)` would suffice

Note: This linter can be disabled with `set_option linter.unnecessarySeqFocus false`
/home/richman954/NDEA_Evolve_offruntime/exp006/lean/CombinedVerification.lean:2156:42: warning: `ContinuousLinearMap.mul_apply` has been deprecated: Use `mul_apply_eq_comp` instead

Note: The updated constant is in a different namespace. Dot notation may need to be changed (e.g., from `x.mul_apply` to `mul_apply_eq_comp x`).
/home/richman954/NDEA_Evolve_offruntime/exp006/lean/CombinedVerification.lean:2349:5: warning: Variable name `hdx` is not explicitly referenced.

The binding can be removed (if unused) or named `_` (if used implicitly).

Note: This linter can be disabled with `set_option linter.unusedVariables false`
/home/richman954/NDEA_Evolve_offruntime/exp006/lean/CombinedVerification.lean:2612:4: warning: Used `tac1 <;> tac2` where `(tac1; tac2)` would suffice

Note: This linter can be disabled with `set_option linter.unnecessarySeqFocus false`
/home/richman954/NDEA_Evolve_offruntime/exp006/lean/CombinedVerification.lean:2881:13: warning: Used `tac1 <;> tac2` where `(tac1; tac2)` would suffice

Note: This linter can be disabled with `set_option linter.unnecessarySeqFocus false`
'NDEAEvolve.Exp006.PeriodicGrid.isHermitian' depends on axioms: [propext, Classical.choice, Quot.sound]
'NDEAEvolve.Exp006.PeriodicGrid.laplacian_mulVec' depends on axioms: [propext, Classical.choice, Quot.sound]
'NDEAEvolve.Exp006.PeriodicGrid.sample_next' depends on axioms: [propext, Classical.choice, Quot.sound]
'NDEAEvolve.Exp006.PeriodicGrid.sample_prev' depends on axioms: [propext, Classical.choice, Quot.sound]
'NDEAEvolve.Exp006.PeriodicGrid.matrix_sample_stencil' depends on axioms: [propext, Classical.choice, Quot.sound]
'NDEAEvolve.Exp006.phase_norm' depends on axioms: [propext, Classical.choice, Quot.sound]
'NDEAEvolve.Exp006.phase_zero' depends on axioms: [propext, Classical.choice, Quot.sound]
'NDEAEvolve.Exp006.phase_add' depends on axioms: [propext, Classical.choice, Quot.sound]
'NDEAEvolve.Exp006.phase_formula' depends on axioms: [propext, Classical.choice, Quot.sound]
'NDEAEvolve.Exp006.phase_periodic' depends on axioms: [propext, Classical.choice, Quot.sound]
'NDEAEvolve.Exp006.mode_periodic' depends on axioms: [propext, Classical.choice, Quot.sound]
'NDEAEvolve.Exp006.phase_hasDerivAt' depends on axioms: [propext, Classical.choice, Quot.sound]
'NDEAEvolve.Exp006.mode_space_hasDerivAt' depends on axioms: [propext, Classical.choice, Quot.sound]
'NDEAEvolve.Exp006.mode_time_hasDerivAt' depends on axioms: [propext, Classical.choice, Quot.sound]
'NDEAEvolve.Exp006.mode_second_derivative' depends on axioms: [propext, Classical.choice, Quot.sound]
'NDEAEvolve.Exp006.mode_solves_split_schrodinger' depends on axioms: [propext, Classical.choice, Quot.sound]
'NDEAEvolve.Exp006.mode_nonzero' depends on axioms: [propext, Classical.choice, Quot.sound]
'NDEAEvolve.Exp006.mode_nonconstant' depends on axioms: [propext, Classical.choice, Quot.sound]
'NDEAEvolve.Exp006.phase_centeredStencil' depends on axioms: [propext, Classical.choice, Quot.sound]
'NDEAEvolve.Exp006.spatialSymbol_consistency' depends on axioms: [propext, Classical.choice, Quot.sound]
'NDEAEvolve.Exp006.spatialSymbol_strictly_below_continuum' depends on axioms: [propext, Classical.choice, Quot.sound]
'NDEAEvolve.Exp006.sin_linear_remainder' depends on axioms: [propext, Classical.choice, Quot.sound]
'NDEAEvolve.Exp006.cos_linear_remainder' depends on axioms: [propext, Classical.choice, Quot.sound]
'NDEAEvolve.Exp006.midpoint_temporal_remainder' depends on axioms: [propext, Classical.choice, Quot.sound]
'NDEAEvolve.Exp006.scalarFactorResidual_midpoint' depends on axioms: [propext, Classical.choice, Quot.sound]
'NDEAEvolve.Exp006.scalarFactorResidual_bound' depends on axioms: [propext, Classical.choice, Quot.sound]
'NDEAEvolve.Exp006.shifted_phase_periodic' depends on axioms: [propext, Classical.choice, Quot.sound]
'NDEAEvolve.Exp006.sampled_laplacian_eigen' depends on axioms: [propext, Classical.choice, Quot.sound]
'NDEAEvolve.Exp006.factorResidual_component' depends on axioms: [propext, Classical.choice, Quot.sound]
'NDEAEvolve.Exp006.actual_factorResidual_component' depends on axioms: [propext, Classical.choice, Quot.sound]
'NDEAEvolve.Exp006.actual_factorResidual_weighted_bound' depends on axioms: [propext, Classical.choice, Quot.sound]
'NDEAEvolve.Exp006.actual_stageResidualBudget_bound' depends on axioms: [propext, Classical.choice, Quot.sound]
'NDEAEvolve.Exp006.reference_is_sampled_mode' depends on axioms: [propext, Classical.choice, Quot.sound]
'NDEAEvolve.Exp006.concrete_periodic_fixed_time_error' depends on axioms: [propext, Classical.choice, Quot.sound]
'NDEAEvolve.Exp006.concrete_periodic_mesh_family_error_tendsto_zero' depends on axioms: [propext,
 Classical.choice,
 Quot.sound]
'NDEAEvolve.Exp006.Controls.admissible_eight_point_grid' depends on axioms: [propext, Classical.choice, Quot.sound]
'NDEAEvolve.Exp006.Controls.zero_mesh_consistency_false' depends on axioms: [propext, Classical.choice, Quot.sound]
'NDEAEvolve.Exp006.Controls.spatial_error_is_present' depends on axioms: [propext, Classical.choice, Quot.sound]
'NDEAEvolve.Exp006.Controls.solution_nonconstant_and_nonzero' depends on axioms: [propext, Classical.choice, Quot.sound]
'NDEAEvolve.Exp006.Controls.both_continuous_generators_active' depends on axioms: [propext,
 Classical.choice,
 Quot.sound]
'NDEAEvolve.Exp006.Controls.zero_step_residual' depends on axioms: [propext, Classical.choice, Quot.sound]
