A	NDEA_BACKUP_STATUS.md
A	NDEA_Evolve_offruntime/RESUME_STATUS.md
A	NDEA_Evolve_offruntime/WORKING_ROADMAP.md
A	NDEA_Evolve_offruntime/exp005/worktree/NDEA_Evolve/.github/workflows/create-release.yml
A	NDEA_Evolve_offruntime/exp005/worktree/NDEA_Evolve/.github/workflows/lean_action_ci.yml
A	NDEA_Evolve_offruntime/exp005/worktree/NDEA_Evolve/.github/workflows/update.yml
A	NDEA_Evolve_offruntime/exp005/worktree/NDEA_Evolve/NDEAEvolve.lean
A	NDEA_Evolve_offruntime/exp005/worktree/NDEA_Evolve/NDEAEvolve/Basic.lean
A	NDEA_Evolve_offruntime/exp005/worktree/NDEA_Evolve/NDEAEvolve/Experiments/Exp001/FourierStability.lean
A	NDEA_Evolve_offruntime/exp005/worktree/NDEA_Evolve/NDEAEvolve/Experiments/Exp002/AdversarialWitnesses.lean
A	NDEA_Evolve_offruntime/exp005/worktree/NDEA_Evolve/NDEAEvolve/Experiments/Exp002/OperatorCayley.lean
A	NDEA_Evolve_offruntime/exp005/worktree/NDEA_Evolve/NDEAEvolve/Experiments/Exp003/ContinuousExponentialComparison.lean
A	NDEA_Evolve_offruntime/exp005/worktree/NDEA_Evolve/NDEAEvolve/Experiments/Exp003/ContinuousExponentialLimit.lean
A	NDEA_Evolve_offruntime/exp005/worktree/NDEA_Evolve/NDEAEvolve/Experiments/Exp003/EuclideanResolventContraction.lean
A	NDEA_Evolve_offruntime/exp005/worktree/NDEA_Evolve/NDEAEvolve/Experiments/Exp003/ExactOrderDefectNormBound.lean
A	NDEA_Evolve_offruntime/exp005/worktree/NDEA_Evolve/NDEAEvolve/Experiments/Exp003/ExactSplitUnsplitCayleyDefect.lean
A	NDEA_Evolve_offruntime/exp005/worktree/NDEA_Evolve/NDEAEvolve/Experiments/Exp003/ExponentialRemainder.lean
A	NDEA_Evolve_offruntime/exp005/worktree/NDEA_Evolve/NDEAEvolve/Experiments/Exp003/FiniteNTelescopingGlobalBound.lean
A	NDEA_Evolve_offruntime/exp005/worktree/NDEA_Evolve/NDEAEvolve/Experiments/Exp004/SymmetricCayleyGlobal.lean
A	NDEA_Evolve_offruntime/exp005/worktree/NDEA_Evolve/NDEAEvolve/Experiments/Exp004/SymmetricCayleyLocal.lean
A	NDEA_Evolve_offruntime/exp005/worktree/NDEA_Evolve/NDEAEvolve/Experiments/Exp005/MeshFamilyConvergence.lean
A	NDEA_Evolve_offruntime/exp005/worktree/NDEA_Evolve/NDEAEvolve/Experiments/Exp005/MeshWeightedStability.lean
A	NDEA_Evolve_offruntime/exp005/worktree/NDEA_Evolve/NDEAEvolve/Experiments/Exp005/SymmetricStageResidual.lean
A	NDEA_Evolve_offruntime/exp005/worktree/NDEA_Evolve/README.md
A	NDEA_Evolve_offruntime/exp005/worktree/NDEA_Evolve/RECOVERED_RUNTIME_PROVENANCE.md
A	NDEA_Evolve_offruntime/exp005/worktree/NDEA_Evolve/experiments/exp001_fourier_stability/evidence_bundle/README.md
A	NDEA_Evolve_offruntime/exp005/worktree/NDEA_Evolve/experiments/exp001_fourier_stability/evidence_bundle/assurance/AdversarialWitnesses.lean
A	NDEA_Evolve_offruntime/exp005/worktree/NDEA_Evolve/experiments/exp001_fourier_stability/evidence_bundle/assurance/PrintAndAxiomAudit.lean
A	NDEA_Evolve_offruntime/exp005/worktree/NDEA_Evolve/experiments/exp001_fourier_stability/evidence_bundle/experiment_goal.md
A	NDEA_Evolve_offruntime/exp005/worktree/NDEA_Evolve/experiments/exp001_fourier_stability/evidence_bundle/final_evaluation_report.md
A	NDEA_Evolve_offruntime/exp005/worktree/NDEA_Evolve/experiments/exp001_fourier_stability/evidence_bundle/julia_lean_mapping.md
A	NDEA_Evolve_offruntime/exp005/worktree/NDEA_Evolve/experiments/exp001_fourier_stability/evidence_bundle/local_intake_reconciliation.md
A	NDEA_Evolve_offruntime/exp005/worktree/NDEA_Evolve/experiments/exp001_fourier_stability/evidence_bundle/logs/lean_attempts/attempt_003_source.lean
A	NDEA_Evolve_offruntime/exp005/worktree/NDEA_Evolve/experiments/exp001_fourier_stability/evidence_bundle/manifest_protocol.md
A	NDEA_Evolve_offruntime/exp005/worktree/NDEA_Evolve/experiments/exp001_fourier_stability/evidence_bundle/mathematical_derivation.md
A	NDEA_Evolve_offruntime/exp005/worktree/NDEA_Evolve/experiments/exp001_fourier_stability/evidence_bundle/metadata/local_asset_intake_note.md
A	NDEA_Evolve_offruntime/exp005/worktree/NDEA_Evolve/experiments/exp001_fourier_stability/evidence_bundle/metadata/local_asset_intake_note_append_001.md
A	NDEA_Evolve_offruntime/exp005/worktree/NDEA_Evolve/experiments/exp001_fourier_stability/evidence_bundle/metadata/project_lakefile.toml
A	NDEA_Evolve_offruntime/exp005/worktree/NDEA_Evolve/experiments/exp001_fourier_stability/evidence_bundle/metadata/runtime_recovery.md
A	NDEA_Evolve_offruntime/exp005/worktree/NDEA_Evolve/experiments/exp001_fourier_stability/evidence_bundle/recovery/README.md
A	NDEA_Evolve_offruntime/exp005/worktree/NDEA_Evolve/experiments/exp001_fourier_stability/evidence_bundle/recovery/runtime_loss_002.md
A	NDEA_Evolve_offruntime/exp005/worktree/NDEA_Evolve/experiments/exp001_fourier_stability/evidence_bundle/reproducibility.md
A	NDEA_Evolve_offruntime/exp005/worktree/NDEA_Evolve/experiments/exp001_fourier_stability/evidence_bundle/sources/julia/discover_fourier_stability.jl
A	NDEA_Evolve_offruntime/exp005/worktree/NDEA_Evolve/experiments/exp001_fourier_stability/evidence_bundle/sources/lean/FourierStability.lean
A	NDEA_Evolve_offruntime/exp005/worktree/NDEA_Evolve/experiments/exp001_fourier_stability/evidence_bundle/sources/tools/validate_certificate.py
A	NDEA_Evolve_offruntime/exp005/worktree/NDEA_Evolve/experiments/exp002_operator_cayley_unitarity/FINALIZATION_STATUS_20260906.md
A	NDEA_Evolve_offruntime/exp005/worktree/NDEA_Evolve/experiments/exp002_operator_cayley_unitarity/HISTORICAL_MANIFEST_COMPATIBILITY_NOTE_20260906.md
A	NDEA_Evolve_offruntime/exp005/worktree/NDEA_Evolve/experiments/exp002_operator_cayley_unitarity/HISTORICAL_TIMING_DISCREPANCY_20260905.md
A	NDEA_Evolve_offruntime/exp005/worktree/NDEA_Evolve/experiments/exp002_operator_cayley_unitarity/MORNING_REPORT.md
A	NDEA_Evolve_offruntime/exp005/worktree/NDEA_Evolve/experiments/exp002_operator_cayley_unitarity/PARTIAL_CHECKPOINT_ERRATA.md
A	NDEA_Evolve_offruntime/exp005/worktree/NDEA_Evolve/experiments/exp002_operator_cayley_unitarity/PARTIAL_STATUS_20260905.md
A	NDEA_Evolve_offruntime/exp005/worktree/NDEA_Evolve/experiments/exp002_operator_cayley_unitarity/PARTIAL_STATUS_RENEWED_WINDOW_20260906.md
A	NDEA_Evolve_offruntime/exp005/worktree/NDEA_Evolve/experiments/exp002_operator_cayley_unitarity/PARTIAL_STATUS_TIME_CEILING_20260905.md
A	NDEA_Evolve_offruntime/exp005/worktree/NDEA_Evolve/experiments/exp002_operator_cayley_unitarity/README.md
A	NDEA_Evolve_offruntime/exp005/worktree/NDEA_Evolve/experiments/exp002_operator_cayley_unitarity/STATE.md
A	NDEA_Evolve_offruntime/exp005/worktree/NDEA_Evolve/experiments/exp002_operator_cayley_unitarity/STATE_PRECLOSURE_PRESERVED_20260906.md
A	NDEA_Evolve_offruntime/exp005/worktree/NDEA_Evolve/experiments/exp002_operator_cayley_unitarity/STRENGTHENED_WITNESS_GREEN_20260905.md
A	NDEA_Evolve_offruntime/exp005/worktree/NDEA_Evolve/experiments/exp002_operator_cayley_unitarity/assurance/PrintAndAxiomAudit.lean
A	NDEA_Evolve_offruntime/exp005/worktree/NDEA_Evolve/experiments/exp002_operator_cayley_unitarity/assurance/audit_exp001_immutability.py
A	NDEA_Evolve_offruntime/exp005/worktree/NDEA_Evolve/experiments/exp002_operator_cayley_unitarity/assurance/package_exp002_final.py
A	NDEA_Evolve_offruntime/exp005/worktree/NDEA_Evolve/experiments/exp002_operator_cayley_unitarity/assurance/parse_axiom_audit.py
A	NDEA_Evolve_offruntime/exp005/worktree/NDEA_Evolve/experiments/exp002_operator_cayley_unitarity/assurance/probes/EqNegSelfAlgebraProbe.lean
A	NDEA_Evolve_offruntime/exp005/worktree/NDEA_Evolve/experiments/exp002_operator_cayley_unitarity/assurance/probes/EqNegSelfAlgebraProbeV2.lean
A	NDEA_Evolve_offruntime/exp005/worktree/NDEA_Evolve/experiments/exp002_operator_cayley_unitarity/assurance/probes/EqNegSelfAlgebraProbeV3.lean
A	NDEA_Evolve_offruntime/exp005/worktree/NDEA_Evolve/experiments/exp002_operator_cayley_unitarity/assurance/probes/EqNegSelfAlgebraProbeV4.lean
A	NDEA_Evolve_offruntime/exp005/worktree/NDEA_Evolve/experiments/exp002_operator_cayley_unitarity/assurance/probes/README.md
A	NDEA_Evolve_offruntime/exp005/worktree/NDEA_Evolve/experiments/exp002_operator_cayley_unitarity/assurance/probes/WrongSignRepairProbe.lean
A	NDEA_Evolve_offruntime/exp005/worktree/NDEA_Evolve/experiments/exp002_operator_cayley_unitarity/assurance/probes/WrongSignRepairProbeV2.lean
A	NDEA_Evolve_offruntime/exp005/worktree/NDEA_Evolve/experiments/exp002_operator_cayley_unitarity/assurance/run_forbidden_scan.py
A	NDEA_Evolve_offruntime/exp005/worktree/NDEA_Evolve/experiments/exp002_operator_cayley_unitarity/assurance/run_logged.py
A	NDEA_Evolve_offruntime/exp005/worktree/NDEA_Evolve/experiments/exp002_operator_cayley_unitarity/assurance/verify_exp002_final_delivery.py
A	NDEA_Evolve_offruntime/exp005/worktree/NDEA_Evolve/experiments/exp002_operator_cayley_unitarity/assurance/write_final_role_metadata.py
A	NDEA_Evolve_offruntime/exp005/worktree/NDEA_Evolve/experiments/exp002_operator_cayley_unitarity/command_run_log.md
A	NDEA_Evolve_offruntime/exp005/worktree/NDEA_Evolve/experiments/exp002_operator_cayley_unitarity/controls/lean/BatchedNegativeControls.lean
A	NDEA_Evolve_offruntime/exp005/worktree/NDEA_Evolve/experiments/exp002_operator_cayley_unitarity/controls/lean/rejected_sources/01_dropped_hermiticity_false.lean
A	NDEA_Evolve_offruntime/exp005/worktree/NDEA_Evolve/experiments/exp002_operator_cayley_unitarity/controls/lean/rejected_sources/02_complex_step_false.lean
A	NDEA_Evolve_offruntime/exp005/worktree/NDEA_Evolve/experiments/exp002_operator_cayley_unitarity/controls/lean/rejected_sources/03_order_independence_false.lean
A	NDEA_Evolve_offruntime/exp005/worktree/NDEA_Evolve/experiments/exp002_operator_cayley_unitarity/controls/lean/rejected_sources/04_wrong_defect_sign_false.lean
A	NDEA_Evolve_offruntime/exp005/worktree/NDEA_Evolve/experiments/exp002_operator_cayley_unitarity/controls/lean/rejected_sources/05_one_sided_inverse_permutation_false.lean
A	NDEA_Evolve_offruntime/exp005/worktree/NDEA_Evolve/experiments/exp002_operator_cayley_unitarity/controls/lean/rejected_sources/06_zero_step_iff_false.lean
A	NDEA_Evolve_offruntime/exp005/worktree/NDEA_Evolve/experiments/exp002_operator_cayley_unitarity/controls/lean/rejected_sources/07_semigroup_merging_false.lean
A	NDEA_Evolve_offruntime/exp005/worktree/NDEA_Evolve/experiments/exp002_operator_cayley_unitarity/controls/lean/rejected_sources/README.md
A	NDEA_Evolve_offruntime/exp005/worktree/NDEA_Evolve/experiments/exp002_operator_cayley_unitarity/controls/lean/run_negative_controls.py
A	NDEA_Evolve_offruntime/exp005/worktree/NDEA_Evolve/experiments/exp002_operator_cayley_unitarity/controls/run_validator_regression.py
A	NDEA_Evolve_offruntime/exp005/worktree/NDEA_Evolve/experiments/exp002_operator_cayley_unitarity/evidence/finalization_20260906/README.md
A	NDEA_Evolve_offruntime/exp005/worktree/NDEA_Evolve/experiments/exp002_operator_cayley_unitarity/experiment_goal.md
A	NDEA_Evolve_offruntime/exp005/worktree/NDEA_Evolve/experiments/exp002_operator_cayley_unitarity/failure_and_repair_log.md
A	NDEA_Evolve_offruntime/exp005/worktree/NDEA_Evolve/experiments/exp002_operator_cayley_unitarity/final_evaluation_report.md
A	NDEA_Evolve_offruntime/exp005/worktree/NDEA_Evolve/experiments/exp002_operator_cayley_unitarity/julia_discovery_report.md
A	NDEA_Evolve_offruntime/exp005/worktree/NDEA_Evolve/experiments/exp002_operator_cayley_unitarity/lean_failure_and_repair_log.md
A	NDEA_Evolve_offruntime/exp005/worktree/NDEA_Evolve/experiments/exp002_operator_cayley_unitarity/mathematical_derivation.md
A	NDEA_Evolve_offruntime/exp005/worktree/NDEA_Evolve/experiments/exp002_operator_cayley_unitarity/recovery/pristine_sources/Exp002APIProbe.lean
A	NDEA_Evolve_offruntime/exp005/worktree/NDEA_Evolve/experiments/exp002_operator_cayley_unitarity/recovery/pristine_sources/discover_operator_cayley.jl
A	NDEA_Evolve_offruntime/exp005/worktree/NDEA_Evolve/experiments/exp002_operator_cayley_unitarity/recovery/pristine_sources/exact_gaussian_matrix.jl
A	NDEA_Evolve_offruntime/exp005/worktree/NDEA_Evolve/experiments/exp002_operator_cayley_unitarity/recovery/second_runtime_loss/README.md
A	NDEA_Evolve_offruntime/exp005/worktree/NDEA_Evolve/experiments/exp002_operator_cayley_unitarity/recovery_policy.md
A	NDEA_Evolve_offruntime/exp005/worktree/NDEA_Evolve/experiments/exp002_operator_cayley_unitarity/scope_and_success_criteria.md
A	NDEA_Evolve_offruntime/exp005/worktree/NDEA_Evolve/experiments/exp002_operator_cayley_unitarity/source/julia/discover_operator_cayley.jl
A	NDEA_Evolve_offruntime/exp005/worktree/NDEA_Evolve/experiments/exp002_operator_cayley_unitarity/source/julia/exact_gaussian_matrix.jl
A	NDEA_Evolve_offruntime/exp005/worktree/NDEA_Evolve/experiments/exp002_operator_cayley_unitarity/validator/README.md
A	NDEA_Evolve_offruntime/exp005/worktree/NDEA_Evolve/experiments/exp002_operator_cayley_unitarity/validator/validate_operator_cayley.py
A	NDEA_Evolve_offruntime/exp005/worktree/NDEA_Evolve/experiments/exp003_continuous_exponential_comparison/FAILURE_AND_REPAIR_LOG.md
A	NDEA_Evolve_offruntime/exp005/worktree/NDEA_Evolve/experiments/exp003_continuous_exponential_comparison/FINAL_EVALUATION_REPORT.md
A	NDEA_Evolve_offruntime/exp005/worktree/NDEA_Evolve/experiments/exp003_continuous_exponential_comparison/FINAL_STAGING_AND_DELIVERY_NOTE.md
A	NDEA_Evolve_offruntime/exp005/worktree/NDEA_Evolve/experiments/exp003_continuous_exponential_comparison/MATHEMATICAL_DERIVATION.md
A	NDEA_Evolve_offruntime/exp005/worktree/NDEA_Evolve/experiments/exp003_continuous_exponential_comparison/PLAN.md
A	NDEA_Evolve_offruntime/exp005/worktree/NDEA_Evolve/experiments/exp003_continuous_exponential_comparison/README.md
A	NDEA_Evolve_offruntime/exp005/worktree/NDEA_Evolve/experiments/exp003_continuous_exponential_comparison/STATUS_CONTROLS_GREEN.md
A	NDEA_Evolve_offruntime/exp005/worktree/NDEA_Evolve/experiments/exp003_continuous_exponential_comparison/STATUS_INITIAL.md
A	NDEA_Evolve_offruntime/exp005/worktree/NDEA_Evolve/experiments/exp003_continuous_exponential_comparison/STATUS_PRODUCTION_GREEN.md
A	NDEA_Evolve_offruntime/exp005/worktree/NDEA_Evolve/experiments/exp003_continuous_exponential_comparison/assurance/README.md
A	NDEA_Evolve_offruntime/exp005/worktree/NDEA_Evolve/experiments/exp003_continuous_exponential_comparison/assurance/audit_release.py
A	NDEA_Evolve_offruntime/exp005/worktree/NDEA_Evolve/experiments/exp003_continuous_exponential_comparison/assurance/freeze_manifest.py
A	NDEA_Evolve_offruntime/exp005/worktree/NDEA_Evolve/experiments/exp003_continuous_exponential_comparison/assurance/make_combined_verification.py
A	NDEA_Evolve_offruntime/exp005/worktree/NDEA_Evolve/experiments/exp003_continuous_exponential_comparison/assurance/package_delivery.py
A	NDEA_Evolve_offruntime/exp005/worktree/NDEA_Evolve/experiments/exp003_continuous_exponential_comparison/assurance/run_tmpfs_verification.sh
A	NDEA_Evolve_offruntime/exp005/worktree/NDEA_Evolve/experiments/exp003_continuous_exponential_comparison/assurance/run_verification.py
A	NDEA_Evolve_offruntime/exp005/worktree/NDEA_Evolve/experiments/exp003_continuous_exponential_comparison/controls/lean/NegativeControls.lean
A	NDEA_Evolve_offruntime/exp005/worktree/NDEA_Evolve/experiments/exp003_continuous_exponential_comparison/evidence/ENVIRONMENT.md
A	NDEA_Evolve_offruntime/exp005/worktree/NDEA_Evolve/experiments/exp003_continuous_exponential_comparison/evidence/THEOREM_MAP.md
A	NDEA_Evolve_offruntime/exp005/worktree/NDEA_Evolve/experiments/exp003_continuous_exponential_comparison/evidence/generated/CombinedStep5Controls_20260907T225346.750467Z_2.lean
A	NDEA_Evolve_offruntime/exp005/worktree/NDEA_Evolve/experiments/exp003_euclidean_resolvent_contraction/FROZEN_SPECIFICATION.md
A	NDEA_Evolve_offruntime/exp005/worktree/NDEA_Evolve/experiments/exp003_euclidean_resolvent_contraction/README.md
A	NDEA_Evolve_offruntime/exp005/worktree/NDEA_Evolve/experiments/exp003_euclidean_resolvent_contraction/STATE.md
A	NDEA_Evolve_offruntime/exp005/worktree/NDEA_Evolve/experiments/exp003_euclidean_resolvent_contraction/assurance/check_predecessor_unchanged.py
A	NDEA_Evolve_offruntime/exp005/worktree/NDEA_Evolve/experiments/exp003_euclidean_resolvent_contraction/assurance/package_exp003_step1.py
A	NDEA_Evolve_offruntime/exp005/worktree/NDEA_Evolve/experiments/exp003_euclidean_resolvent_contraction/assurance/parse_signature_axiom_audit.py
A	NDEA_Evolve_offruntime/exp005/worktree/NDEA_Evolve/experiments/exp003_euclidean_resolvent_contraction/assurance/run_forbidden_scan.py
A	NDEA_Evolve_offruntime/exp005/worktree/NDEA_Evolve/experiments/exp003_euclidean_resolvent_contraction/assurance/run_logged.py
A	NDEA_Evolve_offruntime/exp005/worktree/NDEA_Evolve/experiments/exp003_euclidean_resolvent_contraction/assurance/selfcheck_assurance_tools.py
A	NDEA_Evolve_offruntime/exp005/worktree/NDEA_Evolve/experiments/exp003_euclidean_resolvent_contraction/assurance/verify_exp003_step1_delivery.py
A	NDEA_Evolve_offruntime/exp005/worktree/NDEA_Evolve/experiments/exp003_euclidean_resolvent_contraction/command_run_log.md
A	NDEA_Evolve_offruntime/exp005/worktree/NDEA_Evolve/experiments/exp003_euclidean_resolvent_contraction/controls/lean/BatchedNegativeControls.lean
A	NDEA_Evolve_offruntime/exp005/worktree/NDEA_Evolve/experiments/exp003_euclidean_resolvent_contraction/controls/lean/rejected_sources/01_strict_bound_false.lean
A	NDEA_Evolve_offruntime/exp005/worktree/NDEA_Evolve/experiments/exp003_euclidean_resolvent_contraction/controls/lean/rejected_sources/02_dropped_hermiticity_false.lean
A	NDEA_Evolve_offruntime/exp005/worktree/NDEA_Evolve/experiments/exp003_euclidean_resolvent_contraction/controls/lean/rejected_sources/README.md
A	NDEA_Evolve_offruntime/exp005/worktree/NDEA_Evolve/experiments/exp003_euclidean_resolvent_contraction/controls/lean/run_negative_controls.py
A	NDEA_Evolve_offruntime/exp005/worktree/NDEA_Evolve/experiments/exp003_euclidean_resolvent_contraction/dependency_and_reuse_map.md
A	NDEA_Evolve_offruntime/exp005/worktree/NDEA_Evolve/experiments/exp003_euclidean_resolvent_contraction/environment_metadata.md
A	NDEA_Evolve_offruntime/exp005/worktree/NDEA_Evolve/experiments/exp003_euclidean_resolvent_contraction/experiment_goal.md
A	NDEA_Evolve_offruntime/exp005/worktree/NDEA_Evolve/experiments/exp003_euclidean_resolvent_contraction/failure_and_repair_log.md
A	NDEA_Evolve_offruntime/exp005/worktree/NDEA_Evolve/experiments/exp003_euclidean_resolvent_contraction/final_evaluation_report.md
A	NDEA_Evolve_offruntime/exp005/worktree/NDEA_Evolve/experiments/exp003_euclidean_resolvent_contraction/mathematical_derivation.md
A	NDEA_Evolve_offruntime/exp005/worktree/NDEA_Evolve/experiments/exp003_euclidean_resolvent_contraction/proof_attempts/EuclideanResolventContraction_attempt001.lean
A	NDEA_Evolve_offruntime/exp005/worktree/NDEA_Evolve/experiments/exp003_euclidean_resolvent_contraction/proof_attempts/EuclideanResolventContraction_attempt002.lean
A	NDEA_Evolve_offruntime/exp005/worktree/NDEA_Evolve/experiments/exp003_euclidean_resolvent_contraction/proof_attempts/ImaginaryProductProbe.lean
A	NDEA_Evolve_offruntime/exp005/worktree/NDEA_Evolve/experiments/exp003_euclidean_resolvent_contraction/proof_attempts/ImaginarySquareProbe.lean
A	NDEA_Evolve_offruntime/exp005/worktree/NDEA_Evolve/experiments/exp003_euclidean_resolvent_contraction/proof_attempts/ImportProbe.lean
A	NDEA_Evolve_offruntime/exp005/worktree/NDEA_Evolve/experiments/exp003_exact_order_defect_norm_bound/FINAL_EVALUATION_REPORT.md
A	NDEA_Evolve_offruntime/exp005/worktree/NDEA_Evolve/experiments/exp003_exact_order_defect_norm_bound/FROZEN_SPECIFICATION.md
A	NDEA_Evolve_offruntime/exp005/worktree/NDEA_Evolve/experiments/exp003_exact_order_defect_norm_bound/STATUS_20260907_INITIAL.md
A	NDEA_Evolve_offruntime/exp005/worktree/NDEA_Evolve/experiments/exp003_exact_order_defect_norm_bound/STATUS_20260907_POST_REPAIR_UNVERIFIED.md
A	NDEA_Evolve_offruntime/exp005/worktree/NDEA_Evolve/experiments/exp003_exact_order_defect_norm_bound/STATUS_20260907_PRECLOSURE_VERIFIED.md
A	NDEA_Evolve_offruntime/exp005/worktree/NDEA_Evolve/experiments/exp003_exact_order_defect_norm_bound/assurance/lean_import_closure.py
A	NDEA_Evolve_offruntime/exp005/worktree/NDEA_Evolve/experiments/exp003_exact_order_defect_norm_bound/assurance/make_combined_verification.py
A	NDEA_Evolve_offruntime/exp005/worktree/NDEA_Evolve/experiments/exp003_exact_order_defect_norm_bound/assurance/run_tmpfs_shadow_build.sh
A	NDEA_Evolve_offruntime/exp005/worktree/NDEA_Evolve/experiments/exp003_exact_order_defect_norm_bound/controls/lean/NegativeControls.lean
A	NDEA_Evolve_offruntime/exp005/worktree/NDEA_Evolve/experiments/exp003_exact_order_defect_norm_bound/evidence/ENVIRONMENT.md
A	NDEA_Evolve_offruntime/exp005/worktree/NDEA_Evolve/experiments/exp003_exact_order_defect_norm_bound/evidence/PREDECESSOR_IMMUTABILITY.md
A	NDEA_Evolve_offruntime/exp005/worktree/NDEA_Evolve/experiments/exp003_exact_order_defect_norm_bound/evidence/PROOF_POLICY_AUDIT.md
A	NDEA_Evolve_offruntime/exp005/worktree/NDEA_Evolve/experiments/exp003_exact_order_defect_norm_bound/evidence/README.md
A	NDEA_Evolve_offruntime/exp005/worktree/NDEA_Evolve/experiments/exp003_exact_order_defect_norm_bound/evidence/SHADOW_IMPORT_PROVENANCE.md
A	NDEA_Evolve_offruntime/exp005/worktree/NDEA_Evolve/experiments/exp003_exact_order_defect_norm_bound/evidence/THEOREM_AND_CONTROLS.md
A	NDEA_Evolve_offruntime/exp005/worktree/NDEA_Evolve/experiments/exp003_exact_order_defect_norm_bound/proof_attempts/shadow_sources/NDEAEvolve/Experiments/Exp002/AdversarialWitnesses.lean
A	NDEA_Evolve_offruntime/exp005/worktree/NDEA_Evolve/experiments/exp003_exact_order_defect_norm_bound/proof_attempts/shadow_sources/NDEAEvolve/Experiments/Exp002/OperatorCayley.lean
A	NDEA_Evolve_offruntime/exp005/worktree/NDEA_Evolve/experiments/exp003_exact_order_defect_norm_bound/proof_attempts/shadow_sources/NDEAEvolve/Experiments/Exp003/EuclideanResolventContraction.lean
A	NDEA_Evolve_offruntime/exp005/worktree/NDEA_Evolve/experiments/exp003_exact_split_unsplit_cayley_defect/FINAL_EVALUATION_REPORT.md
A	NDEA_Evolve_offruntime/exp005/worktree/NDEA_Evolve/experiments/exp003_exact_split_unsplit_cayley_defect/FROZEN_SPECIFICATION.md
A	NDEA_Evolve_offruntime/exp005/worktree/NDEA_Evolve/experiments/exp003_exact_split_unsplit_cayley_defect/STATUS_20260907_INITIAL.md
A	NDEA_Evolve_offruntime/exp005/worktree/NDEA_Evolve/experiments/exp003_exact_split_unsplit_cayley_defect/STATUS_20260907_LEAN_GREEN_PIPELINE_PENDING.md
A	NDEA_Evolve_offruntime/exp005/worktree/NDEA_Evolve/experiments/exp003_exact_split_unsplit_cayley_defect/STATUS_20260907_PIPELINE_GREEN_MODULAR_PENDING.md
A	NDEA_Evolve_offruntime/exp005/worktree/NDEA_Evolve/experiments/exp003_exact_split_unsplit_cayley_defect/STATUS_20260907_PRECLOSURE_VERIFIED.md
A	NDEA_Evolve_offruntime/exp005/worktree/NDEA_Evolve/experiments/exp003_exact_split_unsplit_cayley_defect/assurance/make_combined_verification.py
A	NDEA_Evolve_offruntime/exp005/worktree/NDEA_Evolve/experiments/exp003_exact_split_unsplit_cayley_defect/assurance/run_tmpfs_verification.sh
A	NDEA_Evolve_offruntime/exp005/worktree/NDEA_Evolve/experiments/exp003_exact_split_unsplit_cayley_defect/controls/lean/NegativeControls.lean
A	NDEA_Evolve_offruntime/exp005/worktree/NDEA_Evolve/experiments/exp003_exact_split_unsplit_cayley_defect/evidence/ENVIRONMENT.md
A	NDEA_Evolve_offruntime/exp005/worktree/NDEA_Evolve/experiments/exp003_exact_split_unsplit_cayley_defect/evidence/PIPELINE_CERTIFICATE.md
A	NDEA_Evolve_offruntime/exp005/worktree/NDEA_Evolve/experiments/exp003_exact_split_unsplit_cayley_defect/evidence/PREDECESSOR_IMMUTABILITY.md
A	NDEA_Evolve_offruntime/exp005/worktree/NDEA_Evolve/experiments/exp003_exact_split_unsplit_cayley_defect/evidence/PROOF_POLICY_AUDIT.md
A	NDEA_Evolve_offruntime/exp005/worktree/NDEA_Evolve/experiments/exp003_exact_split_unsplit_cayley_defect/evidence/README.md
A	NDEA_Evolve_offruntime/exp005/worktree/NDEA_Evolve/experiments/exp003_exact_split_unsplit_cayley_defect/evidence/SHADOW_IMPORT_PROVENANCE.md
A	NDEA_Evolve_offruntime/exp005/worktree/NDEA_Evolve/experiments/exp003_exact_split_unsplit_cayley_defect/evidence/SPECIFICATION_CORRECTION.md
A	NDEA_Evolve_offruntime/exp005/worktree/NDEA_Evolve/experiments/exp003_exact_split_unsplit_cayley_defect/evidence/THEOREM_AND_CONTROLS.md
A	NDEA_Evolve_offruntime/exp005/worktree/NDEA_Evolve/experiments/exp003_exact_split_unsplit_cayley_defect/source/julia/discover_split_unsplit.jl
A	NDEA_Evolve_offruntime/exp005/worktree/NDEA_Evolve/experiments/exp003_exact_split_unsplit_cayley_defect/source/julia/exact_gaussian_matrix.jl
A	NDEA_Evolve_offruntime/exp005/worktree/NDEA_Evolve/experiments/exp003_exact_split_unsplit_cayley_defect/validator/validate_split_unsplit.py
A	NDEA_Evolve_offruntime/exp005/worktree/NDEA_Evolve/experiments/exp003_finite_n_telescoping_global_bound/FINAL_EVALUATION_REPORT.md
A	NDEA_Evolve_offruntime/exp005/worktree/NDEA_Evolve/experiments/exp003_finite_n_telescoping_global_bound/FROZEN_SPECIFICATION.md
A	NDEA_Evolve_offruntime/exp005/worktree/NDEA_Evolve/experiments/exp003_finite_n_telescoping_global_bound/STATUS_20260907_COMBINED_GREEN_MODULAR_PENDING.md
A	NDEA_Evolve_offruntime/exp005/worktree/NDEA_Evolve/experiments/exp003_finite_n_telescoping_global_bound/STATUS_20260907_INITIAL.md
A	NDEA_Evolve_offruntime/exp005/worktree/NDEA_Evolve/experiments/exp003_finite_n_telescoping_global_bound/STATUS_20260907_PRECLOSURE_VERIFIED.md
A	NDEA_Evolve_offruntime/exp005/worktree/NDEA_Evolve/experiments/exp003_finite_n_telescoping_global_bound/STATUS_20260907_PRODUCTION_GREEN_CONTROLS_PENDING.md
A	NDEA_Evolve_offruntime/exp005/worktree/NDEA_Evolve/experiments/exp003_finite_n_telescoping_global_bound/assurance/make_combined_verification.py
A	NDEA_Evolve_offruntime/exp005/worktree/NDEA_Evolve/experiments/exp003_finite_n_telescoping_global_bound/assurance/run_tmpfs_verification.sh
A	NDEA_Evolve_offruntime/exp005/worktree/NDEA_Evolve/experiments/exp003_finite_n_telescoping_global_bound/controls/lean/NegativeControls.lean
A	NDEA_Evolve_offruntime/exp005/worktree/NDEA_Evolve/experiments/exp003_finite_n_telescoping_global_bound/evidence/ENVIRONMENT.md
A	NDEA_Evolve_offruntime/exp005/worktree/NDEA_Evolve/experiments/exp003_finite_n_telescoping_global_bound/evidence/PREDECESSOR_IMMUTABILITY.md
A	NDEA_Evolve_offruntime/exp005/worktree/NDEA_Evolve/experiments/exp003_finite_n_telescoping_global_bound/evidence/PROOF_POLICY_AUDIT.md
A	NDEA_Evolve_offruntime/exp005/worktree/NDEA_Evolve/experiments/exp003_finite_n_telescoping_global_bound/evidence/README.md
A	NDEA_Evolve_offruntime/exp005/worktree/NDEA_Evolve/experiments/exp003_finite_n_telescoping_global_bound/evidence/SHADOW_IMPORT_PROVENANCE.md
A	NDEA_Evolve_offruntime/exp005/worktree/NDEA_Evolve/experiments/exp003_finite_n_telescoping_global_bound/evidence/SPECIFICATION_CORRECTIONS.md
A	NDEA_Evolve_offruntime/exp005/worktree/NDEA_Evolve/experiments/exp003_finite_n_telescoping_global_bound/evidence/THEOREM_AND_CONTROLS.md
A	NDEA_Evolve_offruntime/exp005/worktree/NDEA_Evolve/experiments/exp003_finite_n_telescoping_global_bound/proof_attempts/NormProbe.lean
A	NDEA_Evolve_offruntime/exp005/worktree/NDEA_Evolve/experiments/exp003_finite_n_telescoping_global_bound/proof_attempts/TelescopingProbe.lean
A	NDEA_Evolve_offruntime/exp005/worktree/NDEA_Evolve/experiments/exp004_symmetric_cayley_second_order/FAILURE_AND_REPAIR_LOG.md
A	NDEA_Evolve_offruntime/exp005/worktree/NDEA_Evolve/experiments/exp004_symmetric_cayley_second_order/FINAL_EVALUATION_REPORT.md
A	NDEA_Evolve_offruntime/exp005/worktree/NDEA_Evolve/experiments/exp004_symmetric_cayley_second_order/FINAL_STAGING_AND_DELIVERY_NOTE.md
A	NDEA_Evolve_offruntime/exp005/worktree/NDEA_Evolve/experiments/exp004_symmetric_cayley_second_order/MATHEMATICAL_DERIVATION.md
A	NDEA_Evolve_offruntime/exp005/worktree/NDEA_Evolve/experiments/exp004_symmetric_cayley_second_order/PLAN.md
A	NDEA_Evolve_offruntime/exp005/worktree/NDEA_Evolve/experiments/exp004_symmetric_cayley_second_order/README.md
A	NDEA_Evolve_offruntime/exp005/worktree/NDEA_Evolve/experiments/exp004_symmetric_cayley_second_order/STATUS_COMBINED_GREEN.md
A	NDEA_Evolve_offruntime/exp005/worktree/NDEA_Evolve/experiments/exp004_symmetric_cayley_second_order/STATUS_CONTROLS_GREEN.md
A	NDEA_Evolve_offruntime/exp005/worktree/NDEA_Evolve/experiments/exp004_symmetric_cayley_second_order/STATUS_FINAL_MODULAR_GREEN.md
A	NDEA_Evolve_offruntime/exp005/worktree/NDEA_Evolve/experiments/exp004_symmetric_cayley_second_order/STATUS_INITIAL.md
A	NDEA_Evolve_offruntime/exp005/worktree/NDEA_Evolve/experiments/exp004_symmetric_cayley_second_order/STATUS_LOCAL_GREEN.md
A	NDEA_Evolve_offruntime/exp005/worktree/NDEA_Evolve/experiments/exp004_symmetric_cayley_second_order/STATUS_PRODUCTION_GREEN.md
A	NDEA_Evolve_offruntime/exp005/worktree/NDEA_Evolve/experiments/exp004_symmetric_cayley_second_order/assurance/README.md
A	NDEA_Evolve_offruntime/exp005/worktree/NDEA_Evolve/experiments/exp004_symmetric_cayley_second_order/assurance/audit_release.py
A	NDEA_Evolve_offruntime/exp005/worktree/NDEA_Evolve/experiments/exp004_symmetric_cayley_second_order/assurance/freeze_manifest.py
A	NDEA_Evolve_offruntime/exp005/worktree/NDEA_Evolve/experiments/exp004_symmetric_cayley_second_order/assurance/make_combined_verification.py
A	NDEA_Evolve_offruntime/exp005/worktree/NDEA_Evolve/experiments/exp004_symmetric_cayley_second_order/assurance/package_delivery.py
A	NDEA_Evolve_offruntime/exp005/worktree/NDEA_Evolve/experiments/exp004_symmetric_cayley_second_order/assurance/run_tmpfs_verification.sh
A	NDEA_Evolve_offruntime/exp005/worktree/NDEA_Evolve/experiments/exp004_symmetric_cayley_second_order/assurance/run_verification.py
A	NDEA_Evolve_offruntime/exp005/worktree/NDEA_Evolve/experiments/exp004_symmetric_cayley_second_order/controls/lean/NegativeControls.lean
A	NDEA_Evolve_offruntime/exp005/worktree/NDEA_Evolve/experiments/exp004_symmetric_cayley_second_order/evidence/ENVIRONMENT.md
A	NDEA_Evolve_offruntime/exp005/worktree/NDEA_Evolve/experiments/exp004_symmetric_cayley_second_order/evidence/THEOREM_MAP.md
A	NDEA_Evolve_offruntime/exp005/worktree/NDEA_Evolve/experiments/exp004_symmetric_cayley_second_order/evidence/generated/CombinedExp004Controls_20260908T004439.799434Z_2.lean
A	NDEA_Evolve_offruntime/exp005/worktree/NDEA_Evolve/experiments/exp005_mesh_weighted_residual_bridge/FAILURE_AND_REPAIR_LOG.md
A	NDEA_Evolve_offruntime/exp005/worktree/NDEA_Evolve/experiments/exp005_mesh_weighted_residual_bridge/FINAL_EVALUATION_REPORT.md
A	NDEA_Evolve_offruntime/exp005/worktree/NDEA_Evolve/experiments/exp005_mesh_weighted_residual_bridge/FINAL_STAGING_AND_DELIVERY_NOTE.md
A	NDEA_Evolve_offruntime/exp005/worktree/NDEA_Evolve/experiments/exp005_mesh_weighted_residual_bridge/LEGACY_FRAMEWORK_CONTEXT.md
A	NDEA_Evolve_offruntime/exp005/worktree/NDEA_Evolve/experiments/exp005_mesh_weighted_residual_bridge/MATHEMATICAL_DERIVATION.md
A	NDEA_Evolve_offruntime/exp005/worktree/NDEA_Evolve/experiments/exp005_mesh_weighted_residual_bridge/PLAN.md
A	NDEA_Evolve_offruntime/exp005/worktree/NDEA_Evolve/experiments/exp005_mesh_weighted_residual_bridge/README.md
A	NDEA_Evolve_offruntime/exp005/worktree/NDEA_Evolve/experiments/exp005_mesh_weighted_residual_bridge/STATUS_COMBINED_GREEN.md
A	NDEA_Evolve_offruntime/exp005/worktree/NDEA_Evolve/experiments/exp005_mesh_weighted_residual_bridge/STATUS_CONTROLS_GREEN.md
A	NDEA_Evolve_offruntime/exp005/worktree/NDEA_Evolve/experiments/exp005_mesh_weighted_residual_bridge/STATUS_FINAL_MODULAR_GREEN.md
A	NDEA_Evolve_offruntime/exp005/worktree/NDEA_Evolve/experiments/exp005_mesh_weighted_residual_bridge/STATUS_INITIAL.md
A	NDEA_Evolve_offruntime/exp005/worktree/NDEA_Evolve/experiments/exp005_mesh_weighted_residual_bridge/STATUS_PRODUCTION_GREEN.md
A	NDEA_Evolve_offruntime/exp005/worktree/NDEA_Evolve/experiments/exp005_mesh_weighted_residual_bridge/STATUS_STABILITY_GREEN.md
A	NDEA_Evolve_offruntime/exp005/worktree/NDEA_Evolve/experiments/exp005_mesh_weighted_residual_bridge/STATUS_STAGE_RESIDUAL_GREEN.md
A	NDEA_Evolve_offruntime/exp005/worktree/NDEA_Evolve/experiments/exp005_mesh_weighted_residual_bridge/assurance/README.md
A	NDEA_Evolve_offruntime/exp005/worktree/NDEA_Evolve/experiments/exp005_mesh_weighted_residual_bridge/assurance/audit_release.py
A	NDEA_Evolve_offruntime/exp005/worktree/NDEA_Evolve/experiments/exp005_mesh_weighted_residual_bridge/assurance/cache_tools.py
A	NDEA_Evolve_offruntime/exp005/worktree/NDEA_Evolve/experiments/exp005_mesh_weighted_residual_bridge/assurance/freeze_manifest.py
A	NDEA_Evolve_offruntime/exp005/worktree/NDEA_Evolve/experiments/exp005_mesh_weighted_residual_bridge/assurance/make_combined_verification.py
A	NDEA_Evolve_offruntime/exp005/worktree/NDEA_Evolve/experiments/exp005_mesh_weighted_residual_bridge/assurance/package_delivery.py
A	NDEA_Evolve_offruntime/exp005/worktree/NDEA_Evolve/experiments/exp005_mesh_weighted_residual_bridge/assurance/run_tmpfs_verification.sh
A	NDEA_Evolve_offruntime/exp005/worktree/NDEA_Evolve/experiments/exp005_mesh_weighted_residual_bridge/assurance/run_verification.py
A	NDEA_Evolve_offruntime/exp005/worktree/NDEA_Evolve/experiments/exp005_mesh_weighted_residual_bridge/controls/lean/NegativeControls.lean
A	NDEA_Evolve_offruntime/exp005/worktree/NDEA_Evolve/experiments/exp005_mesh_weighted_residual_bridge/evidence/ENVIRONMENT.md
A	NDEA_Evolve_offruntime/exp005/worktree/NDEA_Evolve/experiments/exp005_mesh_weighted_residual_bridge/evidence/generated/CombinedExp005Controls_20260908T015403.848677Z_2.lean
A	NDEA_Evolve_offruntime/exp005/worktree/NDEA_Evolve/lake-manifest.json
A	NDEA_Evolve_offruntime/exp005/worktree/NDEA_Evolve/lakefile.toml
A	NDEA_Evolve_offruntime/exp005/worktree/NDEA_Evolve/lean-toolchain
A	NDEA_Evolve_offruntime/exp006/COMPLETION_REPORT.md
A	NDEA_Evolve_offruntime/exp006/FAILURE_AND_REPAIR_LOG.md
A	NDEA_Evolve_offruntime/exp006/MATHEMATICAL_DERIVATION.md
A	NDEA_Evolve_offruntime/exp006/PLAN.md
A	NDEA_Evolve_offruntime/exp006/README.md
A	NDEA_Evolve_offruntime/exp006/STATUS_FINAL_LOCAL_GREEN.md
A	NDEA_Evolve_offruntime/exp006/STATUS_PROGRESS.md
A	NDEA_Evolve_offruntime/exp006/evidence/20260908T045120.299439Z_PeriodicGrid.json
A	NDEA_Evolve_offruntime/exp006/evidence/20260908T045120.299439Z_PeriodicGrid.log
A	NDEA_Evolve_offruntime/exp006/evidence/20260908T050038.743051Z_DerivativeProbe.json
A	NDEA_Evolve_offruntime/exp006/evidence/20260908T050038.743051Z_DerivativeProbe.log
A	NDEA_Evolve_offruntime/exp006/evidence/20260908T050136.279936Z_DerivativeProbePiL2.json
A	NDEA_Evolve_offruntime/exp006/evidence/20260908T050136.279936Z_DerivativeProbePiL2.log
A	NDEA_Evolve_offruntime/exp006/evidence/20260908T050317.454557Z_PeriodicModeResidual.json
A	NDEA_Evolve_offruntime/exp006/evidence/20260908T050317.454557Z_PeriodicModeResidual.log
A	NDEA_Evolve_offruntime/exp006/evidence/20260908T051258.328271Z_Exp005ModeBridge.json
A	NDEA_Evolve_offruntime/exp006/evidence/20260908T051258.328271Z_Exp005ModeBridge.log
A	NDEA_Evolve_offruntime/exp006/evidence/20260908T051533.555850Z_Controls.json
A	NDEA_Evolve_offruntime/exp006/evidence/20260908T051533.555850Z_Controls.log
A	NDEA_Evolve_offruntime/exp006/evidence/20260908T051657.735387Z_CombinedVerification.json
A	NDEA_Evolve_offruntime/exp006/evidence/20260908T051657.735387Z_CombinedVerification.log
A	NDEA_Evolve_offruntime/exp006/evidence/EXPECTED_FINAL_THEOREMS.json
A	NDEA_Evolve_offruntime/exp006/evidence/FINAL_PACKET_MANIFEST.json
A	NDEA_Evolve_offruntime/exp006/evidence/FINAL_PACKET_RECEIPT.json
A	NDEA_Evolve_offruntime/exp006/evidence/FINAL_VERIFICATION.json
A	NDEA_Evolve_offruntime/exp006/evidence/FOUNDATION_DEVELOPMENT_IMPORT.json
A	NDEA_Evolve_offruntime/exp006/evidence/LOCAL_VERIFIED_MANIFEST.json
A	NDEA_Evolve_offruntime/exp006/evidence/MODULAR_GREEN_SNAPSHOT.json
A	NDEA_Evolve_offruntime/exp006/lean/CombinedVerification.lean
A	NDEA_Evolve_offruntime/exp006/lean/Controls.lean
A	NDEA_Evolve_offruntime/exp006/lean/DerivativeProbe.lean
A	NDEA_Evolve_offruntime/exp006/lean/DerivativeProbePiL2.lean
A	NDEA_Evolve_offruntime/exp006/lean/Exp005Foundation.lean
A	NDEA_Evolve_offruntime/exp006/lean/Exp005ModeBridge.lean
A	NDEA_Evolve_offruntime/exp006/lean/PeriodicGrid.lean
A	NDEA_Evolve_offruntime/exp006/lean/PeriodicModeResidual.lean
A	NDEA_Evolve_offruntime/exp006/lean/Probe.lean
A	NDEA_Evolve_offruntime/exp006/numerical_checks.py
A	NDEA_Evolve_offruntime/exp006/remote_check/FINAL_INPUTS.json
A	NDEA_Evolve_offruntime/exp006/remote_check/FINAL_TRANSFER_CHECK.json
A	NDEA_Evolve_offruntime/exp006/remote_check/FOUNDATION_TRANSFER_CHECK.json
A	NDEA_Evolve_offruntime/exp006/remote_check/check_final_archive.py
A	NDEA_Evolve_offruntime/exp006/remote_check/final_evidence/final_verification/RESULT.json
A	NDEA_Evolve_offruntime/exp006/remote_check/make_convergence_plot.py
A	NDEA_Evolve_offruntime/exp006/remote_check/package_final.py
A	NDEA_Evolve_offruntime/exp006/remote_check/prepare_final_dependencies.py
A	NDEA_Evolve_offruntime/exp006/remote_check/start_final.py
A	NDEA_Evolve_offruntime/exp006/remote_check/start_foundation.py
A	NDEA_Evolve_offruntime/exp006/remote_check/status_final.py
A	NDEA_Evolve_offruntime/exp006/remote_check/status_foundation.py
A	NDEA_Evolve_offruntime/exp006/run_lean.py
A	NDEA_Evolve_offruntime/exp006/verify_final.py
A	NDEA_Evolve_offruntime/exp007/COMPLETION_REPORT.md
A	NDEA_Evolve_offruntime/exp007/PACKET_MANIFEST.json
A	NDEA_Evolve_offruntime/exp007/PLAN.md
A	NDEA_Evolve_offruntime/exp007/REPORT_DRAFT.md
A	NDEA_Evolve_offruntime/exp007/REPRODUCE.md
A	NDEA_Evolve_offruntime/exp007/evidence/20260908T055558.190176Z_ContinuumProbe.json
A	NDEA_Evolve_offruntime/exp007/evidence/20260908T055558.190176Z_ContinuumProbe.log
A	NDEA_Evolve_offruntime/exp007/evidence/20260908T055715.664506Z_ReducedNoncommuting.json
A	NDEA_Evolve_offruntime/exp007/evidence/20260908T055715.664506Z_ReducedNoncommuting.log
A	NDEA_Evolve_offruntime/exp007/evidence/20260908T060015.249331Z_SpinorGrid.json
A	NDEA_Evolve_offruntime/exp007/evidence/20260908T060015.249331Z_SpinorGrid.log
A	NDEA_Evolve_offruntime/exp007/evidence/20260908T060431.947498Z_ReducedClosure.json
A	NDEA_Evolve_offruntime/exp007/evidence/20260908T060431.947498Z_ReducedClosure.log
A	NDEA_Evolve_offruntime/exp007/evidence/20260908T060447.855291Z_ContinuumSpinor.json
A	NDEA_Evolve_offruntime/exp007/evidence/20260908T060447.855291Z_ContinuumSpinor.log
A	NDEA_Evolve_offruntime/exp007/evidence/20260908T061024.803754Z_FullClosure.json
A	NDEA_Evolve_offruntime/exp007/evidence/20260908T061024.803754Z_FullClosure.log
A	NDEA_Evolve_offruntime/exp007/evidence/20260908T061302.441510Z_StageBridge.json
A	NDEA_Evolve_offruntime/exp007/evidence/20260908T061302.441510Z_StageBridge.log
A	NDEA_Evolve_offruntime/exp007/evidence/20260908T061546.776441Z_Controls.json
A	NDEA_Evolve_offruntime/exp007/evidence/20260908T061546.776441Z_Controls.log
A	NDEA_Evolve_offruntime/exp007/evidence/CROSS_ENVIRONMENT_DEPENDENCIES.json
A	NDEA_Evolve_offruntime/exp007/evidence/FINAL_INPUTS.json
A	NDEA_Evolve_offruntime/exp007/evidence/FINAL_PACKET_RECEIPT.json
A	NDEA_Evolve_offruntime/exp007/evidence/FINAL_VERIFICATION.json
A	NDEA_Evolve_offruntime/exp007/evidence/FOUNDATION_PIN.json
A	NDEA_Evolve_offruntime/exp007/evidence/PREDECESSOR_PRESERVATION.json
A	NDEA_Evolve_offruntime/exp007/evidence/local_combined/RESULT.json
A	NDEA_Evolve_offruntime/exp007/foundation/Exp006CombinedVerification.lean
A	NDEA_Evolve_offruntime/exp007/lean/ContinuumProbe.lean
A	NDEA_Evolve_offruntime/exp007/lean/ContinuumSpinor.lean
A	NDEA_Evolve_offruntime/exp007/lean/Controls.lean
A	NDEA_Evolve_offruntime/exp007/lean/Exp007Combined.lean
A	NDEA_Evolve_offruntime/exp007/lean/FullClosure.lean
A	NDEA_Evolve_offruntime/exp007/lean/ReducedClosure.lean
A	NDEA_Evolve_offruntime/exp007/lean/ReducedNoncommuting.lean
A	NDEA_Evolve_offruntime/exp007/lean/SpinorGrid.lean
A	NDEA_Evolve_offruntime/exp007/lean/StageBridge.lean
A	NDEA_Evolve_offruntime/exp007/make_combined.py
A	NDEA_Evolve_offruntime/exp007/numerical_checks.py
A	NDEA_Evolve_offruntime/exp007/remote_check/EXPORT_RECEIPT.json
A	NDEA_Evolve_offruntime/exp007/remote_check/FINAL_TRANSFER_CHECK.json
A	NDEA_Evolve_offruntime/exp007/remote_check/FINAL_TRANSFER_INPUTS.json
A	NDEA_Evolve_offruntime/exp007/remote_check/bootstrap.py
A	NDEA_Evolve_offruntime/exp007/remote_check/bootstrap_inputs/Exp006CombinedVerification.lean
A	NDEA_Evolve_offruntime/exp007/remote_check/bootstrap_inputs/INPUT_HASHES.json
A	NDEA_Evolve_offruntime/exp007/remote_check/bootstrap_inputs/bootstrap_colab.py
A	NDEA_Evolve_offruntime/exp007/remote_check/bootstrap_inputs/lake-manifest.json
A	NDEA_Evolve_offruntime/exp007/remote_check/bootstrap_inputs/lean_import_closure.py
A	NDEA_Evolve_offruntime/exp007/remote_check/bootstrap_inputs/verify_exp005.py
A	NDEA_Evolve_offruntime/exp007/remote_check/check_export.py
A	NDEA_Evolve_offruntime/exp007/remote_check/export_evidence.py
A	NDEA_Evolve_offruntime/exp007/remote_check/model_poll.py
A	NDEA_Evolve_offruntime/exp007/remote_check/model_start.py
A	NDEA_Evolve_offruntime/exp007/remote_check/model_start_closure.py
A	NDEA_Evolve_offruntime/exp007/remote_check/plot_convergence.py
A	NDEA_Evolve_offruntime/exp007/remote_check/poll.py
A	NDEA_Evolve_offruntime/exp007/remote_check/poll_final.py
A	NDEA_Evolve_offruntime/exp007/remote_check/poll_foundation.py
A	NDEA_Evolve_offruntime/exp007/remote_check/poll_integration.py
A	NDEA_Evolve_offruntime/exp007/remote_check/poll_integration_r2.py
A	NDEA_Evolve_offruntime/exp007/remote_check/probe_runtime.py
A	NDEA_Evolve_offruntime/exp007/remote_check/start_bootstrap.py
A	NDEA_Evolve_offruntime/exp007/remote_check/start_final.py
A	NDEA_Evolve_offruntime/exp007/remote_check/start_foundation.py
A	NDEA_Evolve_offruntime/exp007/remote_check/start_integration.py
A	NDEA_Evolve_offruntime/exp007/remote_check/start_integration_r2.py
A	NDEA_Evolve_offruntime/exp007/run_lean.py
A	NDEA_Evolve_offruntime/exp007/seal_packet.py
A	NDEA_Evolve_offruntime/exp007/verification_tools/lean_import_closure.py
A	NDEA_Evolve_offruntime/exp007/verification_tools/verify_exp005.py
A	NDEA_Evolve_offruntime/exp007/verify_combined.py
A	NDEA_Evolve_offruntime/exp008/COMPLETION_REPORT.md
A	NDEA_Evolve_offruntime/exp008/COMPLETION_REPORT_DRAFT.md
A	NDEA_Evolve_offruntime/exp008/FAILURE_AND_REPAIR_LOG.md
A	NDEA_Evolve_offruntime/exp008/MATHEMATICAL_DERIVATION.md
A	NDEA_Evolve_offruntime/exp008/PACKET_MANIFEST.json
A	NDEA_Evolve_offruntime/exp008/PLAN.md
A	NDEA_Evolve_offruntime/exp008/REPRODUCE.md
A	NDEA_Evolve_offruntime/exp008/REVIEW.md
A	NDEA_Evolve_offruntime/exp008/SAVED_FILES.md
A	NDEA_Evolve_offruntime/exp008/STATUS_PROGRESS.md
A	NDEA_Evolve_offruntime/exp008/check_predecessors.py
A	NDEA_Evolve_offruntime/exp008/evidence/20260908T071054.595701Z_Exp007Foundation.json
A	NDEA_Evolve_offruntime/exp008/evidence/20260908T071054.595701Z_Exp007Foundation.log
A	NDEA_Evolve_offruntime/exp008/evidence/20260908T071916.516190Z_ContinuumModes.json
A	NDEA_Evolve_offruntime/exp008/evidence/20260908T071916.516190Z_ContinuumModes.log
A	NDEA_Evolve_offruntime/exp008/evidence/20260908T072128.037182Z_FrequencyBounds.json
A	NDEA_Evolve_offruntime/exp008/evidence/20260908T072128.037182Z_FrequencyBounds.log
A	NDEA_Evolve_offruntime/exp008/evidence/20260908T072815.119165Z_FourierGrid.json
A	NDEA_Evolve_offruntime/exp008/evidence/20260908T072815.119165Z_FourierGrid.log
A	NDEA_Evolve_offruntime/exp008/evidence/20260908T073507.475654Z_Orthogonality.json
A	NDEA_Evolve_offruntime/exp008/evidence/20260908T073507.475654Z_Orthogonality.log
A	NDEA_Evolve_offruntime/exp008/evidence/20260908T073855.753619Z_SuperpositionClosure.json
A	NDEA_Evolve_offruntime/exp008/evidence/20260908T073855.753619Z_SuperpositionClosure.log
A	NDEA_Evolve_offruntime/exp008/evidence/20260908T074410.114413Z_StageBridge.json
A	NDEA_Evolve_offruntime/exp008/evidence/20260908T074410.114413Z_StageBridge.log
A	NDEA_Evolve_offruntime/exp008/evidence/20260908T075140.816938Z_Controls.json
A	NDEA_Evolve_offruntime/exp008/evidence/20260908T075140.816938Z_Controls.log
A	NDEA_Evolve_offruntime/exp008/evidence/CROSS_ENVIRONMENT_DEPENDENCIES.json
A	NDEA_Evolve_offruntime/exp008/evidence/DOCUMENTATION_CHECK.json
A	NDEA_Evolve_offruntime/exp008/evidence/FIGURE_VALIDATION.json
A	NDEA_Evolve_offruntime/exp008/evidence/FINAL_INPUTS.json
A	NDEA_Evolve_offruntime/exp008/evidence/FINAL_PACKET_RECEIPT.json
A	NDEA_Evolve_offruntime/exp008/evidence/FINAL_VERIFICATION.json
A	NDEA_Evolve_offruntime/exp008/evidence/FOUNDATION_PIN.json
A	NDEA_Evolve_offruntime/exp008/evidence/PREDECESSOR_BASELINE.json
A	NDEA_Evolve_offruntime/exp008/evidence/PREDECESSOR_PRESERVATION.json
A	NDEA_Evolve_offruntime/exp008/evidence/REMOTE_RECOVERY.json
A	NDEA_Evolve_offruntime/exp008/evidence/local_combined/RESULT.json
A	NDEA_Evolve_offruntime/exp008/finalize_verification.py
A	NDEA_Evolve_offruntime/exp008/independent_checks/colab_r2_20260908/AUDIT_SCOPE.md
A	NDEA_Evolve_offruntime/exp008/independent_checks/colab_r2_20260908/HISTORICAL_CHECK_PLAN.md
A	NDEA_Evolve_offruntime/exp008/independent_checks/colab_r2_20260908/PLAN.md
A	NDEA_Evolve_offruntime/exp008/independent_checks/colab_r2_20260908/REPORT.md
A	NDEA_Evolve_offruntime/exp008/independent_checks/colab_r2_20260908/REPRODUCE.md
A	NDEA_Evolve_offruntime/exp008/independent_checks/colab_r2_20260908/REVIEW_NOTES.md
A	NDEA_Evolve_offruntime/exp008/independent_checks/colab_r2_20260908/SAVED_FILES.md
A	NDEA_Evolve_offruntime/exp008/independent_checks/colab_r2_20260908/build_audit_inventory.py
A	NDEA_Evolve_offruntime/exp008/independent_checks/colab_r2_20260908/check_download.py
A	NDEA_Evolve_offruntime/exp008/independent_checks/colab_r2_20260908/export_recheck.py
A	NDEA_Evolve_offruntime/exp008/independent_checks/colab_r2_20260908/initialize_vm.py
A	NDEA_Evolve_offruntime/exp008/independent_checks/colab_r2_20260908/inspect_resources.py
A	NDEA_Evolve_offruntime/exp008/independent_checks/colab_r2_20260908/install_tools.py
A	NDEA_Evolve_offruntime/exp008/independent_checks/colab_r2_20260908/numerical_checks.py
A	NDEA_Evolve_offruntime/exp008/independent_checks/colab_r2_20260908/prepare_suite.py
A	NDEA_Evolve_offruntime/exp008/independent_checks/colab_r2_20260908/reused_inputs/bootstrap.py
A	NDEA_Evolve_offruntime/exp008/independent_checks/colab_r2_20260908/reused_inputs/cache_extra_imports.py
A	NDEA_Evolve_offruntime/exp008/independent_checks/colab_r2_20260908/reused_inputs/start_bootstrap.py
A	NDEA_Evolve_offruntime/exp008/independent_checks/colab_r2_20260908/reused_inputs/start_final.py
A	NDEA_Evolve_offruntime/exp008/independent_checks/colab_r2_20260908/run_numerical.py
A	NDEA_Evolve_offruntime/exp008/independent_checks/colab_r2_20260908/seal_recheck.py
A	NDEA_Evolve_offruntime/exp008/independent_checks/colab_r2_20260908/start_full_cache.py
A	NDEA_Evolve_offruntime/exp008/independent_checks/colab_r2_20260908/start_suite.py
A	NDEA_Evolve_offruntime/exp008/independent_checks/colab_r2_20260908/status.py
A	NDEA_Evolve_offruntime/exp008/independent_checks/colab_r2_20260908/status_short.py
A	NDEA_Evolve_offruntime/exp008/independent_checks/colab_r2_20260908/verify_suite.py
A	NDEA_Evolve_offruntime/exp008/independent_checks/colab_r2_20260908/write_report.py
A	NDEA_Evolve_offruntime/exp008/lean/ContinuumModes.lean
A	NDEA_Evolve_offruntime/exp008/lean/Controls.lean
A	NDEA_Evolve_offruntime/exp008/lean/Exp007Foundation.lean
A	NDEA_Evolve_offruntime/exp008/lean/Exp008Combined.lean
A	NDEA_Evolve_offruntime/exp008/lean/FourierGrid.lean
A	NDEA_Evolve_offruntime/exp008/lean/FrequencyBounds.lean
A	NDEA_Evolve_offruntime/exp008/lean/Orthogonality.lean
A	NDEA_Evolve_offruntime/exp008/lean/OrthogonalityProbe.lean
A	NDEA_Evolve_offruntime/exp008/lean/StageBridge.lean
A	NDEA_Evolve_offruntime/exp008/lean/SuperpositionClosure.lean
A	NDEA_Evolve_offruntime/exp008/make_combined.py
A	NDEA_Evolve_offruntime/exp008/numerical_checks.py
A	NDEA_Evolve_offruntime/exp008/prepare_final_sources.py
A	NDEA_Evolve_offruntime/exp008/remote_check/EXPORT_RECEIPT.json
A	NDEA_Evolve_offruntime/exp008/remote_check/FINAL_TRANSFER_CHECK.json
A	NDEA_Evolve_offruntime/exp008/remote_check/FINAL_UPLOAD.json
A	NDEA_Evolve_offruntime/exp008/remote_check/MODULE_UPLOAD.json
A	NDEA_Evolve_offruntime/exp008/remote_check/bootstrap.py
A	NDEA_Evolve_offruntime/exp008/remote_check/bootstrap_inputs/Exp007Foundation.lean
A	NDEA_Evolve_offruntime/exp008/remote_check/bootstrap_inputs/INPUT_HASHES.json
A	NDEA_Evolve_offruntime/exp008/remote_check/bootstrap_inputs/bootstrap_colab.py
A	NDEA_Evolve_offruntime/exp008/remote_check/bootstrap_inputs/lake-manifest.json
A	NDEA_Evolve_offruntime/exp008/remote_check/bootstrap_inputs/lean_import_closure.py
A	NDEA_Evolve_offruntime/exp008/remote_check/bootstrap_inputs/verify_exp005.py
A	NDEA_Evolve_offruntime/exp008/remote_check/cache_extra_imports.py
A	NDEA_Evolve_offruntime/exp008/remote_check/check_export.py
A	NDEA_Evolve_offruntime/exp008/remote_check/controls_v3_REQUEST.json
A	NDEA_Evolve_offruntime/exp008/remote_check/export_evidence.py
A	NDEA_Evolve_offruntime/exp008/remote_check/grid_closure_v1_REQUEST.json
A	NDEA_Evolve_offruntime/exp008/remote_check/plot_convergence.py
A	NDEA_Evolve_offruntime/exp008/remote_check/poll.py
A	NDEA_Evolve_offruntime/exp008/remote_check/poll_final.py
A	NDEA_Evolve_offruntime/exp008/remote_check/prepare_runtime.py
A	NDEA_Evolve_offruntime/exp008/remote_check/scalar_continuum_v1_REQUEST.json
A	NDEA_Evolve_offruntime/exp008/remote_check/stage_controls_v1_REQUEST.json
A	NDEA_Evolve_offruntime/exp008/remote_check/stage_controls_v2_REQUEST.json
A	NDEA_Evolve_offruntime/exp008/remote_check/start_bootstrap.py
A	NDEA_Evolve_offruntime/exp008/remote_check/start_final.py
A	NDEA_Evolve_offruntime/exp008/remote_check/start_foundation.py
A	NDEA_Evolve_offruntime/exp008/remote_check/start_modules.py
A	NDEA_Evolve_offruntime/exp008/run_lean.py
A	NDEA_Evolve_offruntime/exp008/seal_packet.py
A	NDEA_Evolve_offruntime/exp008/verification_tools/lean_import_closure.py
A	NDEA_Evolve_offruntime/exp008/verification_tools/verify_exp005.py
A	NDEA_Evolve_offruntime/exp008/verify_combined.py
A	NDEA_Evolve_offruntime/exp008/write_completion.py
A	NDEA_Evolve_offruntime/exp009/COMPLETION_REPORT.md
A	NDEA_Evolve_offruntime/exp009/FAILURE_AND_REPAIR_LOG.md
A	NDEA_Evolve_offruntime/exp009/MATHEMATICAL_DERIVATION.md
A	NDEA_Evolve_offruntime/exp009/NUMERICAL_DIAGNOSTICS.md
A	NDEA_Evolve_offruntime/exp009/PACKET_MANIFEST.json
A	NDEA_Evolve_offruntime/exp009/PLAN.md
A	NDEA_Evolve_offruntime/exp009/REPRODUCE.md
A	NDEA_Evolve_offruntime/exp009/REVIEW.md
A	NDEA_Evolve_offruntime/exp009/SAVED_FILES.md
A	NDEA_Evolve_offruntime/exp009/SCOPE_REVIEW.md
A	NDEA_Evolve_offruntime/exp009/check_predecessors.py
A	NDEA_Evolve_offruntime/exp009/evidence/20260908T090220.709912Z_ProbeControls.json
A	NDEA_Evolve_offruntime/exp009/evidence/20260908T090220.709912Z_ProbeControls.log
A	NDEA_Evolve_offruntime/exp009/evidence/20260908T090305.374216Z_InfiniteReference.json
A	NDEA_Evolve_offruntime/exp009/evidence/20260908T090305.374216Z_InfiniteReference.log
A	NDEA_Evolve_offruntime/exp009/evidence/20260908T090306.121731Z_CutoffSchedule.json
A	NDEA_Evolve_offruntime/exp009/evidence/20260908T090306.121731Z_CutoffSchedule.log
A	NDEA_Evolve_offruntime/exp009/evidence/20260908T090729.683969Z_WeightedTail.json
A	NDEA_Evolve_offruntime/exp009/evidence/20260908T090729.683969Z_WeightedTail.log
A	NDEA_Evolve_offruntime/exp009/evidence/20260908T090807.153691Z_Controls.json
A	NDEA_Evolve_offruntime/exp009/evidence/20260908T090807.153691Z_Controls.log
A	NDEA_Evolve_offruntime/exp009/evidence/20260908T091621.054930Z_InfiniteClosure.json
A	NDEA_Evolve_offruntime/exp009/evidence/20260908T091621.054930Z_InfiniteClosure.log
A	NDEA_Evolve_offruntime/exp009/evidence/20260908T091909.506967Z_WeightedClosure.json
A	NDEA_Evolve_offruntime/exp009/evidence/20260908T091909.506967Z_WeightedClosure.log
A	NDEA_Evolve_offruntime/exp009/evidence/20260908T092156.591804Z_ScheduleClosure.json
A	NDEA_Evolve_offruntime/exp009/evidence/20260908T092156.591804Z_ScheduleClosure.log
A	NDEA_Evolve_offruntime/exp009/evidence/BASELINE.json
A	NDEA_Evolve_offruntime/exp009/evidence/DOCUMENTATION_CHECK.json
A	NDEA_Evolve_offruntime/exp009/evidence/FINAL_INPUTS.json
A	NDEA_Evolve_offruntime/exp009/evidence/FINAL_PACKET_RECEIPT.json
A	NDEA_Evolve_offruntime/exp009/evidence/FINAL_VERIFICATION.json
A	NDEA_Evolve_offruntime/exp009/evidence/PREDECESSOR_PRESERVATION.json
A	NDEA_Evolve_offruntime/exp009/evidence/PROGRESS_CHECKPOINT.json
A	NDEA_Evolve_offruntime/exp009/evidence/RECEIVER_BOOTSTRAP_VALIDATION.json
A	NDEA_Evolve_offruntime/exp009/evidence/REVIEW_CHECK.json
A	NDEA_Evolve_offruntime/exp009/evidence/local_combined/RESULT.json
A	NDEA_Evolve_offruntime/exp009/finalize.py
A	NDEA_Evolve_offruntime/exp009/lean/Controls.lean
A	NDEA_Evolve_offruntime/exp009/lean/CutoffSchedule.lean
A	NDEA_Evolve_offruntime/exp009/lean/Exp008Foundation.lean
A	NDEA_Evolve_offruntime/exp009/lean/Exp009Combined.lean
A	NDEA_Evolve_offruntime/exp009/lean/InfiniteClosure.lean
A	NDEA_Evolve_offruntime/exp009/lean/InfiniteReference.lean
A	NDEA_Evolve_offruntime/exp009/lean/ProbeControls.lean
A	NDEA_Evolve_offruntime/exp009/lean/ScheduleClosure.lean
A	NDEA_Evolve_offruntime/exp009/lean/WeightedClosure.lean
A	NDEA_Evolve_offruntime/exp009/lean/WeightedTail.lean
A	NDEA_Evolve_offruntime/exp009/make_combined.py
A	NDEA_Evolve_offruntime/exp009/numerical_checks.py
A	NDEA_Evolve_offruntime/exp009/plot_convergence.py
A	NDEA_Evolve_offruntime/exp009/prepare_final_sources.py
A	NDEA_Evolve_offruntime/exp009/remote_check/BOOTSTRAP_INPUTS.json
A	NDEA_Evolve_offruntime/exp009/remote_check/ENVIRONMENT_EXPECTED.json
A	NDEA_Evolve_offruntime/exp009/remote_check/EXPORT_RECEIPT.json
A	NDEA_Evolve_offruntime/exp009/remote_check/FINAL_TRANSFER_CHECK.json
A	NDEA_Evolve_offruntime/exp009/remote_check/FINAL_UPLOAD.json
A	NDEA_Evolve_offruntime/exp009/remote_check/VM_ALLOCATION.json
A	NDEA_Evolve_offruntime/exp009/remote_check/bootstrap.py
A	NDEA_Evolve_offruntime/exp009/remote_check/bootstrap_inputs/Combined.lean
A	NDEA_Evolve_offruntime/exp009/remote_check/bootstrap_inputs/INPUT_HASHES.json
A	NDEA_Evolve_offruntime/exp009/remote_check/bootstrap_inputs/bootstrap_colab.py
A	NDEA_Evolve_offruntime/exp009/remote_check/bootstrap_inputs/lake-manifest.json
A	NDEA_Evolve_offruntime/exp009/remote_check/bootstrap_inputs/lean_import_closure.py
A	NDEA_Evolve_offruntime/exp009/remote_check/bootstrap_inputs/verify_exp005.py
A	NDEA_Evolve_offruntime/exp009/remote_check/check_download.py
A	NDEA_Evolve_offruntime/exp009/remote_check/downloaded_evidence/final_verification/RESULT.json
A	NDEA_Evolve_offruntime/exp009/remote_check/export_evidence.py
A	NDEA_Evolve_offruntime/exp009/remote_check/initialize.py
A	NDEA_Evolve_offruntime/exp009/remote_check/lost_runtime/initialize.py
A	NDEA_Evolve_offruntime/exp009/remote_check/lost_runtime/start_final.py
A	NDEA_Evolve_offruntime/exp009/remote_check/make_plot.py
A	NDEA_Evolve_offruntime/exp009/remote_check/prepare_plot.py
A	NDEA_Evolve_offruntime/exp009/remote_check/start_bootstrap.py
A	NDEA_Evolve_offruntime/exp009/remote_check/start_final.py
A	NDEA_Evolve_offruntime/exp009/remote_check/status.py
A	NDEA_Evolve_offruntime/exp009/run_lean.py
A	NDEA_Evolve_offruntime/exp009/verification_tools/lean_import_closure.py
A	NDEA_Evolve_offruntime/exp009/verification_tools/verify_exp005.py
A	NDEA_Evolve_offruntime/exp009/verify_combined.py
A	NDEA_Evolve_offruntime/exp010/CLASSICAL_PROOF_REVIEW.md
A	NDEA_Evolve_offruntime/exp010/COMPLETION_REPORT.md
A	NDEA_Evolve_offruntime/exp010/MATHEMATICAL_DERIVATION.md
A	NDEA_Evolve_offruntime/exp010/NUMERICAL_DIAGNOSTICS.md
A	NDEA_Evolve_offruntime/exp010/PACKET_MANIFEST.json
A	NDEA_Evolve_offruntime/exp010/PLAN.md
A	NDEA_Evolve_offruntime/exp010/REPRODUCE.md
A	NDEA_Evolve_offruntime/exp010/REVIEW.md
A	NDEA_Evolve_offruntime/exp010/SAVED_FILES.md
A	NDEA_Evolve_offruntime/exp010/check_predecessors.py
A	NDEA_Evolve_offruntime/exp010/evidence/20260908T095922.295266Z_ProbeClassical.json
A	NDEA_Evolve_offruntime/exp010/evidence/20260908T095922.295266Z_ProbeClassical.log
A	NDEA_Evolve_offruntime/exp010/evidence/20260908T100642.887944Z_Regularity.json
A	NDEA_Evolve_offruntime/exp010/evidence/20260908T100642.887944Z_Regularity.log
A	NDEA_Evolve_offruntime/exp010/evidence/20260908T100955.079833Z_ClassicalSolution.json
A	NDEA_Evolve_offruntime/exp010/evidence/20260908T100955.079833Z_ClassicalSolution.log
A	NDEA_Evolve_offruntime/exp010/evidence/20260908T101307.819389Z_Continuity.json
A	NDEA_Evolve_offruntime/exp010/evidence/20260908T101307.819389Z_Continuity.log
A	NDEA_Evolve_offruntime/exp010/evidence/20260908T101524.658508Z_Controls.json
A	NDEA_Evolve_offruntime/exp010/evidence/20260908T101524.658508Z_Controls.log
A	NDEA_Evolve_offruntime/exp010/evidence/20260908T101552.628276Z_ClassicalClosure.json
A	NDEA_Evolve_offruntime/exp010/evidence/20260908T101552.628276Z_ClassicalClosure.log
A	NDEA_Evolve_offruntime/exp010/evidence/BASELINE.json
A	NDEA_Evolve_offruntime/exp010/evidence/FINAL_INPUTS.json
A	NDEA_Evolve_offruntime/exp010/evidence/FINAL_PACKET_RECEIPT.json
A	NDEA_Evolve_offruntime/exp010/evidence/FINAL_VERIFICATION.json
A	NDEA_Evolve_offruntime/exp010/evidence/INFRASTRUCTURE_TESTS.json
A	NDEA_Evolve_offruntime/exp010/evidence/PREDECESSOR_PRESERVATION.json
A	NDEA_Evolve_offruntime/exp010/evidence/REVIEW_CHECK.json
A	NDEA_Evolve_offruntime/exp010/evidence/local_combined/RESULT.json
A	NDEA_Evolve_offruntime/exp010/finalize.py
A	NDEA_Evolve_offruntime/exp010/lean/ClassicalClosure.lean
A	NDEA_Evolve_offruntime/exp010/lean/ClassicalSolution.lean
A	NDEA_Evolve_offruntime/exp010/lean/Continuity.lean
A	NDEA_Evolve_offruntime/exp010/lean/Controls.lean
A	NDEA_Evolve_offruntime/exp010/lean/Exp009Foundation.lean
A	NDEA_Evolve_offruntime/exp010/lean/Exp010Combined.lean
A	NDEA_Evolve_offruntime/exp010/lean/ProbeClassical.lean
A	NDEA_Evolve_offruntime/exp010/lean/Regularity.lean
A	NDEA_Evolve_offruntime/exp010/make_combined.py
A	NDEA_Evolve_offruntime/exp010/numerical_checks.py
A	NDEA_Evolve_offruntime/exp010/prepare_bootstrap_inputs.py
A	NDEA_Evolve_offruntime/exp010/prepare_final_sources.py
A	NDEA_Evolve_offruntime/exp010/remote_check/BOOTSTRAP_INPUTS.json
A	NDEA_Evolve_offruntime/exp010/remote_check/ENVIRONMENT.json
A	NDEA_Evolve_offruntime/exp010/remote_check/ENVIRONMENT_EXPECTED.json
A	NDEA_Evolve_offruntime/exp010/remote_check/EXPORT_RECEIPT.json
A	NDEA_Evolve_offruntime/exp010/remote_check/FINAL_TRANSFER_CHECK.json
A	NDEA_Evolve_offruntime/exp010/remote_check/FINAL_UPLOAD.json
A	NDEA_Evolve_offruntime/exp010/remote_check/PREDECESSOR_ENVIRONMENT.json
A	NDEA_Evolve_offruntime/exp010/remote_check/VM_ALLOCATION.json
A	NDEA_Evolve_offruntime/exp010/remote_check/bootstrap.py
A	NDEA_Evolve_offruntime/exp010/remote_check/bootstrap_inputs/Combined.lean
A	NDEA_Evolve_offruntime/exp010/remote_check/bootstrap_inputs/INPUT_HASHES.json
A	NDEA_Evolve_offruntime/exp010/remote_check/bootstrap_inputs/bootstrap_colab.py
A	NDEA_Evolve_offruntime/exp010/remote_check/bootstrap_inputs/lake-manifest.json
A	NDEA_Evolve_offruntime/exp010/remote_check/bootstrap_inputs/lean_import_closure.py
A	NDEA_Evolve_offruntime/exp010/remote_check/bootstrap_inputs/verify_exp005.py
A	NDEA_Evolve_offruntime/exp010/remote_check/check_download.py
A	NDEA_Evolve_offruntime/exp010/remote_check/downloaded_evidence/final_verification/RESULT.json
A	NDEA_Evolve_offruntime/exp010/remote_check/export_evidence.py
A	NDEA_Evolve_offruntime/exp010/remote_check/initialize.py
A	NDEA_Evolve_offruntime/exp010/remote_check/start_bootstrap.py
A	NDEA_Evolve_offruntime/exp010/remote_check/start_final.py
A	NDEA_Evolve_offruntime/exp010/remote_check/status.py
A	NDEA_Evolve_offruntime/exp010/run_lean.py
A	NDEA_Evolve_offruntime/exp010/test_infrastructure.py
A	NDEA_Evolve_offruntime/exp010/verification_tools/lean_import_closure.py
A	NDEA_Evolve_offruntime/exp010/verification_tools/verify_exp005.py
A	NDEA_Evolve_offruntime/exp010/verify_combined.py
A	NDEA_Evolve_offruntime/exp011/COMPLETION_REPORT.md
A	NDEA_Evolve_offruntime/exp011/FUTURE_UNIQUENESS_NOTE.md
A	NDEA_Evolve_offruntime/exp011/INFRASTRUCTURE_REVIEW.md
A	NDEA_Evolve_offruntime/exp011/MATHEMATICAL_DERIVATION.md
A	NDEA_Evolve_offruntime/exp011/NUMERICAL_DIAGNOSTICS.md
A	NDEA_Evolve_offruntime/exp011/PACKET_MANIFEST.json
A	NDEA_Evolve_offruntime/exp011/PLAN.md
A	NDEA_Evolve_offruntime/exp011/REPRODUCE.md
A	NDEA_Evolve_offruntime/exp011/REVIEW.md
A	NDEA_Evolve_offruntime/exp011/SAVED_FILES.md
A	NDEA_Evolve_offruntime/exp011/check_predecessors.py
A	NDEA_Evolve_offruntime/exp011/evidence/20260908T105628.676226Z_SolutionLipschitz.json
A	NDEA_Evolve_offruntime/exp011/evidence/20260908T105628.676226Z_SolutionLipschitz.log
A	NDEA_Evolve_offruntime/exp011/evidence/20260908T105854.572164Z_ScheduleBounds.json
A	NDEA_Evolve_offruntime/exp011/evidence/20260908T105854.572164Z_ScheduleBounds.log
A	NDEA_Evolve_offruntime/exp011/evidence/20260908T110702.886520Z_Reconstruction.json
A	NDEA_Evolve_offruntime/exp011/evidence/20260908T110702.886520Z_Reconstruction.log
A	NDEA_Evolve_offruntime/exp011/evidence/20260908T111633.143589Z_UniformConvergence.json
A	NDEA_Evolve_offruntime/exp011/evidence/20260908T111633.143589Z_UniformConvergence.log
A	NDEA_Evolve_offruntime/exp011/evidence/20260908T112306.548123Z_Controls.json
A	NDEA_Evolve_offruntime/exp011/evidence/20260908T112306.548123Z_Controls.log
A	NDEA_Evolve_offruntime/exp011/evidence/BASELINE.json
A	NDEA_Evolve_offruntime/exp011/evidence/FINAL_INPUTS.json
A	NDEA_Evolve_offruntime/exp011/evidence/FINAL_PACKET_RECEIPT.json
A	NDEA_Evolve_offruntime/exp011/evidence/FINAL_VERIFICATION.json
A	NDEA_Evolve_offruntime/exp011/evidence/INFRASTRUCTURE_TESTS.json
A	NDEA_Evolve_offruntime/exp011/evidence/PREDECESSOR_PRESERVATION.json
A	NDEA_Evolve_offruntime/exp011/evidence/REVIEW_CHECK.json
A	NDEA_Evolve_offruntime/exp011/evidence/local_combined/RESULT.json
A	NDEA_Evolve_offruntime/exp011/finalize.py
A	NDEA_Evolve_offruntime/exp011/lean/Controls.lean
A	NDEA_Evolve_offruntime/exp011/lean/Exp010Foundation.lean
A	NDEA_Evolve_offruntime/exp011/lean/Exp011Combined.lean
A	NDEA_Evolve_offruntime/exp011/lean/Reconstruction.lean
A	NDEA_Evolve_offruntime/exp011/lean/ScheduleBounds.lean
A	NDEA_Evolve_offruntime/exp011/lean/SolutionLipschitz.lean
A	NDEA_Evolve_offruntime/exp011/lean/UniformConvergence.lean
A	NDEA_Evolve_offruntime/exp011/lean/probes/ProbeEnergy.lean
A	NDEA_Evolve_offruntime/exp011/lean/probes/ReconstructionFeasibility.lean
A	NDEA_Evolve_offruntime/exp011/make_combined.py
A	NDEA_Evolve_offruntime/exp011/numerical_checks.py
A	NDEA_Evolve_offruntime/exp011/prepare_bootstrap_inputs.py
A	NDEA_Evolve_offruntime/exp011/prepare_final_sources.py
A	NDEA_Evolve_offruntime/exp011/remote_check/BOOTSTRAP_INPUTS.json
A	NDEA_Evolve_offruntime/exp011/remote_check/ENVIRONMENT_EXPECTED.json
A	NDEA_Evolve_offruntime/exp011/remote_check/EXPORT_RECEIPT.json
A	NDEA_Evolve_offruntime/exp011/remote_check/FINAL_TRANSFER_CHECK.json
A	NDEA_Evolve_offruntime/exp011/remote_check/FINAL_UPLOAD.json
A	NDEA_Evolve_offruntime/exp011/remote_check/PREDECESSOR_ENVIRONMENT.json
A	NDEA_Evolve_offruntime/exp011/remote_check/VM_ALLOCATION.json
A	NDEA_Evolve_offruntime/exp011/remote_check/bootstrap.py
A	NDEA_Evolve_offruntime/exp011/remote_check/bootstrap_inputs/Combined.lean
A	NDEA_Evolve_offruntime/exp011/remote_check/bootstrap_inputs/INPUT_HASHES.json
A	NDEA_Evolve_offruntime/exp011/remote_check/bootstrap_inputs/bootstrap_colab.py
A	NDEA_Evolve_offruntime/exp011/remote_check/bootstrap_inputs/lake-manifest.json
A	NDEA_Evolve_offruntime/exp011/remote_check/bootstrap_inputs/lean_import_closure.py
A	NDEA_Evolve_offruntime/exp011/remote_check/bootstrap_inputs/verify_exp005.py
A	NDEA_Evolve_offruntime/exp011/remote_check/check_download.py
A	NDEA_Evolve_offruntime/exp011/remote_check/downloaded_evidence/final_verification/RESULT.json
A	NDEA_Evolve_offruntime/exp011/remote_check/export_evidence.py
A	NDEA_Evolve_offruntime/exp011/remote_check/initialize.py
A	NDEA_Evolve_offruntime/exp011/remote_check/start_bootstrap.py
A	NDEA_Evolve_offruntime/exp011/remote_check/start_final.py
A	NDEA_Evolve_offruntime/exp011/remote_check/status.py
A	NDEA_Evolve_offruntime/exp011/run_lean.py
A	NDEA_Evolve_offruntime/exp011/test_infrastructure.py
A	NDEA_Evolve_offruntime/exp011/verification_tools/lean_import_closure.py
A	NDEA_Evolve_offruntime/exp011/verification_tools/verify_exp005.py
A	NDEA_Evolve_offruntime/exp011/verify_combined.py
A	NDEA_Evolve_offruntime/exp012/COMPLETION_REPORT.md
A	NDEA_Evolve_offruntime/exp012/INFRASTRUCTURE_REVIEW.md
A	NDEA_Evolve_offruntime/exp012/MATHEMATICAL_DERIVATION.md
A	NDEA_Evolve_offruntime/exp012/PACKET_MANIFEST.json
A	NDEA_Evolve_offruntime/exp012/PLAN.md
A	NDEA_Evolve_offruntime/exp012/REPRODUCE.md
A	NDEA_Evolve_offruntime/exp012/REVIEW.md
A	NDEA_Evolve_offruntime/exp012/SAVED_FILES.md
A	NDEA_Evolve_offruntime/exp012/check_predecessors.py
A	NDEA_Evolve_offruntime/exp012/evidence/20260908T114453.701602Z_EnergySeparation.json
A	NDEA_Evolve_offruntime/exp012/evidence/20260908T114453.701602Z_EnergySeparation.log
A	NDEA_Evolve_offruntime/exp012/evidence/20260908T114559.752351Z_CompactIntegral.json
A	NDEA_Evolve_offruntime/exp012/evidence/20260908T114559.752351Z_CompactIntegral.log
A	NDEA_Evolve_offruntime/exp012/evidence/20260908T120206.162361Z_EnergyLocal.json
A	NDEA_Evolve_offruntime/exp012/evidence/20260908T120206.162361Z_EnergyLocal.log
A	NDEA_Evolve_offruntime/exp012/evidence/20260908T121741.445312Z_EnergyConservation.json
A	NDEA_Evolve_offruntime/exp012/evidence/20260908T121741.445312Z_EnergyConservation.log
A	NDEA_Evolve_offruntime/exp012/evidence/20260908T122320.037250Z_ClassicalUniqueness.json
A	NDEA_Evolve_offruntime/exp012/evidence/20260908T122320.037250Z_ClassicalUniqueness.log
A	NDEA_Evolve_offruntime/exp012/evidence/20260908T122725.810273Z_Controls.json
A	NDEA_Evolve_offruntime/exp012/evidence/20260908T122725.810273Z_Controls.log
A	NDEA_Evolve_offruntime/exp012/evidence/BASELINE.json
A	NDEA_Evolve_offruntime/exp012/evidence/FINAL_INPUTS.json
A	NDEA_Evolve_offruntime/exp012/evidence/FINAL_PACKET_RECEIPT.json
A	NDEA_Evolve_offruntime/exp012/evidence/FINAL_VERIFICATION.json
A	NDEA_Evolve_offruntime/exp012/evidence/INFRASTRUCTURE_TESTS.json
A	NDEA_Evolve_offruntime/exp012/evidence/PREDECESSOR_PRESERVATION.json
A	NDEA_Evolve_offruntime/exp012/evidence/REVIEW_CHECK.json
A	NDEA_Evolve_offruntime/exp012/evidence/local_combined/RESULT.json
A	NDEA_Evolve_offruntime/exp012/finalize.py
A	NDEA_Evolve_offruntime/exp012/lean/ClassicalUniqueness.lean
A	NDEA_Evolve_offruntime/exp012/lean/Controls.lean
A	NDEA_Evolve_offruntime/exp012/lean/EnergyConservation.lean
A	NDEA_Evolve_offruntime/exp012/lean/EnergyLocal.lean
A	NDEA_Evolve_offruntime/exp012/lean/EnergySeparation.lean
A	NDEA_Evolve_offruntime/exp012/lean/Exp011Foundation.lean
A	NDEA_Evolve_offruntime/exp012/lean/Exp012Combined.lean
A	NDEA_Evolve_offruntime/exp012/lean/probes/CompactIntegral.lean
A	NDEA_Evolve_offruntime/exp012/make_combined.py
A	NDEA_Evolve_offruntime/exp012/prepare_bootstrap_inputs.py
A	NDEA_Evolve_offruntime/exp012/prepare_final_sources.py
A	NDEA_Evolve_offruntime/exp012/remote_check/BOOTSTRAP_INPUTS.json
A	NDEA_Evolve_offruntime/exp012/remote_check/ENVIRONMENT_EXPECTED.json
A	NDEA_Evolve_offruntime/exp012/remote_check/EXPORT_RECEIPT.json
A	NDEA_Evolve_offruntime/exp012/remote_check/FINAL_TRANSFER_CHECK.json
A	NDEA_Evolve_offruntime/exp012/remote_check/FINAL_UPLOAD.json
A	NDEA_Evolve_offruntime/exp012/remote_check/PREDECESSOR_ENVIRONMENT.json
A	NDEA_Evolve_offruntime/exp012/remote_check/VM_ALLOCATION.json
A	NDEA_Evolve_offruntime/exp012/remote_check/VM_REPLACEMENT.json
A	NDEA_Evolve_offruntime/exp012/remote_check/bootstrap.py
A	NDEA_Evolve_offruntime/exp012/remote_check/bootstrap_inputs/Combined.lean
A	NDEA_Evolve_offruntime/exp012/remote_check/bootstrap_inputs/INPUT_HASHES.json
A	NDEA_Evolve_offruntime/exp012/remote_check/bootstrap_inputs/bootstrap_colab.py
A	NDEA_Evolve_offruntime/exp012/remote_check/bootstrap_inputs/lake-manifest.json
A	NDEA_Evolve_offruntime/exp012/remote_check/bootstrap_inputs/lean_import_closure.py
A	NDEA_Evolve_offruntime/exp012/remote_check/bootstrap_inputs/verify_exp005.py
A	NDEA_Evolve_offruntime/exp012/remote_check/check_download.py
A	NDEA_Evolve_offruntime/exp012/remote_check/downloaded_evidence/final_verification/RESULT.json
A	NDEA_Evolve_offruntime/exp012/remote_check/export_evidence.py
A	NDEA_Evolve_offruntime/exp012/remote_check/initialize.py
A	NDEA_Evolve_offruntime/exp012/remote_check/release_exp011_preflight.py
A	NDEA_Evolve_offruntime/exp012/remote_check/start_bootstrap.py
A	NDEA_Evolve_offruntime/exp012/remote_check/start_final.py
A	NDEA_Evolve_offruntime/exp012/remote_check/status.py
A	NDEA_Evolve_offruntime/exp012/run_lean.py
A	NDEA_Evolve_offruntime/exp012/test_infrastructure.py
A	NDEA_Evolve_offruntime/exp012/verification_tools/lean_import_closure.py
A	NDEA_Evolve_offruntime/exp012/verification_tools/verify_exp005.py
A	NDEA_Evolve_offruntime/exp012/verify_combined.py
A	NDEA_Evolve_offruntime/exp013/COMPLETION_REPORT.md
A	NDEA_Evolve_offruntime/exp013/INFRASTRUCTURE_REVIEW.md
A	NDEA_Evolve_offruntime/exp013/MATHEMATICAL_DERIVATION.md
A	NDEA_Evolve_offruntime/exp013/PACKET_MANIFEST.json
A	NDEA_Evolve_offruntime/exp013/PLAN.md
A	NDEA_Evolve_offruntime/exp013/REPRODUCE.md
A	NDEA_Evolve_offruntime/exp013/REVIEW.md
A	NDEA_Evolve_offruntime/exp013/SAVED_FILES.md
A	NDEA_Evolve_offruntime/exp013/attempts/r1/controls/lean/Controls.lean
A	NDEA_Evolve_offruntime/exp013/attempts/r1/export_failed.py
A	NDEA_Evolve_offruntime/exp013/attempts/r1/frozen_run/lean/Exp013Combined.lean
A	NDEA_Evolve_offruntime/exp013/attempts/r1/frozen_run/remote_check/bootstrap.py
A	NDEA_Evolve_offruntime/exp013/attempts/r1/frozen_run/remote_check/bootstrap_inputs/Combined.lean
A	NDEA_Evolve_offruntime/exp013/attempts/r1/frozen_run/remote_check/bootstrap_inputs/INPUT_HASHES.json
A	NDEA_Evolve_offruntime/exp013/attempts/r1/frozen_run/remote_check/bootstrap_inputs/bootstrap_colab.py
A	NDEA_Evolve_offruntime/exp013/attempts/r1/frozen_run/remote_check/bootstrap_inputs/lake-manifest.json
A	NDEA_Evolve_offruntime/exp013/attempts/r1/frozen_run/remote_check/bootstrap_inputs/lean_import_closure.py
A	NDEA_Evolve_offruntime/exp013/attempts/r1/frozen_run/remote_check/bootstrap_inputs/verify_exp005.py
A	NDEA_Evolve_offruntime/exp013/attempts/r1/frozen_run/remote_check/check_download.py
A	NDEA_Evolve_offruntime/exp013/attempts/r1/frozen_run/remote_check/export_evidence.py
A	NDEA_Evolve_offruntime/exp013/attempts/r1/frozen_run/remote_check/initialize.py
A	NDEA_Evolve_offruntime/exp013/attempts/r1/frozen_run/remote_check/start_bootstrap.py
A	NDEA_Evolve_offruntime/exp013/attempts/r1/frozen_run/remote_check/start_final.py
A	NDEA_Evolve_offruntime/exp013/attempts/r1/frozen_run/remote_check/status.py
A	NDEA_Evolve_offruntime/exp013/attempts/r1/frozen_run/superseded/lean/Exp013Combined.lean
A	NDEA_Evolve_offruntime/exp013/attempts/r1/frozen_run/superseded/remote_check/bootstrap_inputs/Combined.lean
A	NDEA_Evolve_offruntime/exp013/attempts/r1/frozen_run/superseded/remote_check/bootstrap_inputs/INPUT_HASHES.json
A	NDEA_Evolve_offruntime/exp013/attempts/r1/remote_failed_evidence/final_source/lean/Controls.lean
A	NDEA_Evolve_offruntime/exp013/attempts/r1/remote_failed_evidence/final_source/lean/Exp012Foundation.lean
A	NDEA_Evolve_offruntime/exp013/attempts/r1/remote_failed_evidence/final_source/lean/Exp013Combined.lean
A	NDEA_Evolve_offruntime/exp013/attempts/r1/remote_failed_evidence/final_source/lean/GenericClassical.lean
A	NDEA_Evolve_offruntime/exp013/attempts/r1/remote_failed_evidence/final_source/lean/GenericEnergy.lean
A	NDEA_Evolve_offruntime/exp013/attempts/r1/remote_failed_evidence/final_source/lean/GenericUniqueness.lean
A	NDEA_Evolve_offruntime/exp013/attempts/r1/remote_failed_evidence/final_source/lean/LegacyBridge.lean
A	NDEA_Evolve_offruntime/exp013/attempts/r1/remote_failed_evidence/final_source/make_combined.py
A	NDEA_Evolve_offruntime/exp013/attempts/r1/remote_failed_evidence/final_source/remote_check/bootstrap_inputs/lake-manifest.json
A	NDEA_Evolve_offruntime/exp013/attempts/r1/remote_failed_evidence/final_source/verification_tools/lean_import_closure.py
A	NDEA_Evolve_offruntime/exp013/attempts/r1/remote_failed_evidence/final_source/verification_tools/verify_exp005.py
A	NDEA_Evolve_offruntime/exp013/attempts/r1/remote_failed_evidence/final_source/verify_combined.py
A	NDEA_Evolve_offruntime/exp013/attempts/r1/remote_failed_evidence/inputs/Combined.lean
A	NDEA_Evolve_offruntime/exp013/attempts/r1/remote_failed_evidence/inputs/INPUT_HASHES.json
A	NDEA_Evolve_offruntime/exp013/attempts/r1/remote_failed_evidence/inputs/bootstrap_colab.py
A	NDEA_Evolve_offruntime/exp013/attempts/r1/remote_failed_evidence/inputs/lake-manifest.json
A	NDEA_Evolve_offruntime/exp013/attempts/r1/remote_failed_evidence/inputs/lean_import_closure.py
A	NDEA_Evolve_offruntime/exp013/attempts/r1/remote_failed_evidence/inputs/verify_exp005.py
A	NDEA_Evolve_offruntime/exp013/attempts/r1/retry_metadata/REPRODUCE.md
A	NDEA_Evolve_offruntime/exp013/attempts/r1/retry_metadata/REVIEW.md
A	NDEA_Evolve_offruntime/exp013/attempts/r1/retry_metadata/REVIEW_unfinished_working_copy.md
A	NDEA_Evolve_offruntime/exp013/attempts/r1/retry_metadata/finalize.py
A	NDEA_Evolve_offruntime/exp013/attempts/r1/retry_metadata/remote_check/check_download.py
A	NDEA_Evolve_offruntime/exp013/attempts/r1/retry_metadata/remote_check/initialize.py
A	NDEA_Evolve_offruntime/exp013/attempts/r1/retry_metadata/test_infrastructure.py
A	NDEA_Evolve_offruntime/exp013/check_predecessors.py
A	NDEA_Evolve_offruntime/exp013/evidence/20260908T135629.629163Z_GenericClassical.json
A	NDEA_Evolve_offruntime/exp013/evidence/20260908T135629.629163Z_GenericClassical.log
A	NDEA_Evolve_offruntime/exp013/evidence/20260908T135948.307403Z_GenericEnergy.json
A	NDEA_Evolve_offruntime/exp013/evidence/20260908T135948.307403Z_GenericEnergy.log
A	NDEA_Evolve_offruntime/exp013/evidence/20260908T140434.735407Z_GenericUniqueness.json
A	NDEA_Evolve_offruntime/exp013/evidence/20260908T140434.735407Z_GenericUniqueness.log
A	NDEA_Evolve_offruntime/exp013/evidence/20260908T140945.630980Z_LegacyBridge.json
A	NDEA_Evolve_offruntime/exp013/evidence/20260908T140945.630980Z_LegacyBridge.log
A	NDEA_Evolve_offruntime/exp013/evidence/20260908T143505.507040Z_Controls.json
A	NDEA_Evolve_offruntime/exp013/evidence/20260908T143505.507040Z_Controls.log
A	NDEA_Evolve_offruntime/exp013/evidence/BASELINE.json
A	NDEA_Evolve_offruntime/exp013/evidence/CONTROLS_FINAL_CHECK.json
A	NDEA_Evolve_offruntime/exp013/evidence/FINAL_INPUTS.json
A	NDEA_Evolve_offruntime/exp013/evidence/FINAL_PACKET_RECEIPT.json
A	NDEA_Evolve_offruntime/exp013/evidence/FINAL_VERIFICATION.json
A	NDEA_Evolve_offruntime/exp013/evidence/INFRASTRUCTURE_FINAL_CHECK.json
A	NDEA_Evolve_offruntime/exp013/evidence/INFRASTRUCTURE_TESTS.json
A	NDEA_Evolve_offruntime/exp013/evidence/PREDECESSOR_PRESERVATION.json
A	NDEA_Evolve_offruntime/exp013/evidence/PRODUCTION_CHECKPOINT.json
A	NDEA_Evolve_offruntime/exp013/evidence/REVIEW_CHECK.json
A	NDEA_Evolve_offruntime/exp013/evidence/local_combined/RESULT.json
A	NDEA_Evolve_offruntime/exp013/finalize.py
A	NDEA_Evolve_offruntime/exp013/lean/Controls.lean
A	NDEA_Evolve_offruntime/exp013/lean/Exp012Foundation.lean
A	NDEA_Evolve_offruntime/exp013/lean/Exp013Combined.lean
A	NDEA_Evolve_offruntime/exp013/lean/GenericClassical.lean
A	NDEA_Evolve_offruntime/exp013/lean/GenericEnergy.lean
A	NDEA_Evolve_offruntime/exp013/lean/GenericUniqueness.lean
A	NDEA_Evolve_offruntime/exp013/lean/LegacyBridge.lean
A	NDEA_Evolve_offruntime/exp013/make_combined.py
A	NDEA_Evolve_offruntime/exp013/prepare_bootstrap_inputs.py
A	NDEA_Evolve_offruntime/exp013/prepare_final_sources.py
A	NDEA_Evolve_offruntime/exp013/remote_check/BOOTSTRAP_INPUTS.json
A	NDEA_Evolve_offruntime/exp013/remote_check/ENVIRONMENT_EXPECTED.json
A	NDEA_Evolve_offruntime/exp013/remote_check/EXPORT_RECEIPT.json
A	NDEA_Evolve_offruntime/exp013/remote_check/FINAL_TRANSFER_CHECK.json
A	NDEA_Evolve_offruntime/exp013/remote_check/FINAL_UPLOAD.json
A	NDEA_Evolve_offruntime/exp013/remote_check/PREDECESSOR_ENVIRONMENT.json
A	NDEA_Evolve_offruntime/exp013/remote_check/VM_ALLOCATION.json
A	NDEA_Evolve_offruntime/exp013/remote_check/bootstrap.py
A	NDEA_Evolve_offruntime/exp013/remote_check/bootstrap_inputs/Combined.lean
A	NDEA_Evolve_offruntime/exp013/remote_check/bootstrap_inputs/INPUT_HASHES.json
A	NDEA_Evolve_offruntime/exp013/remote_check/bootstrap_inputs/bootstrap_colab.py
A	NDEA_Evolve_offruntime/exp013/remote_check/bootstrap_inputs/lake-manifest.json
A	NDEA_Evolve_offruntime/exp013/remote_check/bootstrap_inputs/lean_import_closure.py
A	NDEA_Evolve_offruntime/exp013/remote_check/bootstrap_inputs/verify_exp005.py
A	NDEA_Evolve_offruntime/exp013/remote_check/check_download.py
A	NDEA_Evolve_offruntime/exp013/remote_check/downloaded_evidence/final_verification/RESULT.json
A	NDEA_Evolve_offruntime/exp013/remote_check/export_evidence.py
A	NDEA_Evolve_offruntime/exp013/remote_check/initialize.py
A	NDEA_Evolve_offruntime/exp013/remote_check/start_bootstrap.py
A	NDEA_Evolve_offruntime/exp013/remote_check/start_final.py
A	NDEA_Evolve_offruntime/exp013/remote_check/status.py
A	NDEA_Evolve_offruntime/exp013/run_lean.py
A	NDEA_Evolve_offruntime/exp013/test_infrastructure.py
A	NDEA_Evolve_offruntime/exp013/verification_tools/lean_import_closure.py
A	NDEA_Evolve_offruntime/exp013/verification_tools/verify_exp005.py
A	NDEA_Evolve_offruntime/exp013/verify_combined.py
A	NDEA_Evolve_offruntime/exp014/CLASSICAL_ENDPOINT_REVIEW.md
A	NDEA_Evolve_offruntime/exp014/COMPLETION_REPORT.md
A	NDEA_Evolve_offruntime/exp014/DESIGN_REVIEW.md
A	NDEA_Evolve_offruntime/exp014/FOURIER_SPACE_REVIEW.md
A	NDEA_Evolve_offruntime/exp014/INFRASTRUCTURE_REVIEW.md
A	NDEA_Evolve_offruntime/exp014/MATHEMATICAL_DERIVATION.md
A	NDEA_Evolve_offruntime/exp014/ODE_API_REVIEW.md
A	NDEA_Evolve_offruntime/exp014/ODE_API_REVIEW_SOURCES.json
A	NDEA_Evolve_offruntime/exp014/PACKET_MANIFEST.json
A	NDEA_Evolve_offruntime/exp014/PLAN.md
A	NDEA_Evolve_offruntime/exp014/REPRODUCE.md
A	NDEA_Evolve_offruntime/exp014/RESTART_PLAN.md
A	NDEA_Evolve_offruntime/exp014/REVIEW.md
A	NDEA_Evolve_offruntime/exp014/SAVED_FILES.md
A	NDEA_Evolve_offruntime/exp014/attempts/classical_endpoint_resume_r1/ClassicalExistence.lean
A	NDEA_Evolve_offruntime/exp014/attempts/classical_endpoint_resume_r2/ClassicalExistence.lean
A	NDEA_Evolve_offruntime/exp014/attempts/classical_endpoint_resume_r3/ClassicalExistence.lean
A	NDEA_Evolve_offruntime/exp014/attempts/controls_resume_r1/Controls.lean
A	NDEA_Evolve_offruntime/exp014/attempts/fourier_potential_restart_first/FourierPotential.lean
A	NDEA_Evolve_offruntime/exp014/attempts/fourier_potential_restart_second/FourierPotential.lean
A	NDEA_Evolve_offruntime/exp014/attempts/fourier_potential_restart_third/FourierPotential.lean
A	NDEA_Evolve_offruntime/exp014/attempts/fourier_product_restart_first/FourierProduct.lean
A	NDEA_Evolve_offruntime/exp014/attempts/fourier_synthesis_restart_first/FourierSynthesis.lean
A	NDEA_Evolve_offruntime/exp014/attempts/global_linear_evolution_first/GlobalLinearEvolution.lean
A	NDEA_Evolve_offruntime/exp014/attempts/global_linear_evolution_second/GlobalLinearEvolution.lean
A	NDEA_Evolve_offruntime/exp014/check_predecessors.py
A	NDEA_Evolve_offruntime/exp014/evidence/20260908T152638.351560Z_StrongOperatorDerivative.json
A	NDEA_Evolve_offruntime/exp014/evidence/20260908T152638.351560Z_StrongOperatorDerivative.log
A	NDEA_Evolve_offruntime/exp014/evidence/20260908T153640.533133Z_GlobalLinearEvolution.json
A	NDEA_Evolve_offruntime/exp014/evidence/20260908T153640.533133Z_GlobalLinearEvolution.log
A	NDEA_Evolve_offruntime/exp014/evidence/20260908T154255.757075Z_WeightedFourier.json
A	NDEA_Evolve_offruntime/exp014/evidence/20260908T154255.757075Z_WeightedFourier.log
A	NDEA_Evolve_offruntime/exp014/evidence/20260908T154600.238352Z_ScalarSeries.json
A	NDEA_Evolve_offruntime/exp014/evidence/20260908T154600.238352Z_ScalarSeries.log
A	NDEA_Evolve_offruntime/exp014/evidence/20260909T005013.187093Z_FourierPotential.json
A	NDEA_Evolve_offruntime/exp014/evidence/20260909T005013.187093Z_FourierPotential.log
A	NDEA_Evolve_offruntime/exp014/evidence/20260909T005439.776806Z_FourierSynthesis.json
A	NDEA_Evolve_offruntime/exp014/evidence/20260909T005439.776806Z_FourierSynthesis.log
A	NDEA_Evolve_offruntime/exp014/evidence/20260909T005840.365377Z_FourierProduct.json
A	NDEA_Evolve_offruntime/exp014/evidence/20260909T005840.365377Z_FourierProduct.log
A	NDEA_Evolve_offruntime/exp014/evidence/20260909T011651.939592Z_ClassicalExistence.json
A	NDEA_Evolve_offruntime/exp014/evidence/20260909T011651.939592Z_ClassicalExistence.log
A	NDEA_Evolve_offruntime/exp014/evidence/20260909T012436.328619Z_Controls.json
A	NDEA_Evolve_offruntime/exp014/evidence/20260909T012436.328619Z_Controls.log
A	NDEA_Evolve_offruntime/exp014/evidence/BASELINE.json
A	NDEA_Evolve_offruntime/exp014/evidence/COMBINED_INFRASTRUCTURE_TESTS.json
A	NDEA_Evolve_offruntime/exp014/evidence/ENVIRONMENT_ISOLATION_TEST.json
A	NDEA_Evolve_offruntime/exp014/evidence/FINAL_INPUTS.json
A	NDEA_Evolve_offruntime/exp014/evidence/FINAL_PACKET_RECEIPT.json
A	NDEA_Evolve_offruntime/exp014/evidence/FINAL_VERIFICATION.json
A	NDEA_Evolve_offruntime/exp014/evidence/GENERIC_FOUNDATION.json
A	NDEA_Evolve_offruntime/exp014/evidence/GLOBAL_LINEAR_EVOLUTION_CHECK.json
A	NDEA_Evolve_offruntime/exp014/evidence/INFRASTRUCTURE_TESTS.json
A	NDEA_Evolve_offruntime/exp014/evidence/MODULAR_VERIFICATION.json
A	NDEA_Evolve_offruntime/exp014/evidence/PREDECESSOR_PRESERVATION.json
A	NDEA_Evolve_offruntime/exp014/evidence/REVIEW_CHECK.json
A	NDEA_Evolve_offruntime/exp014/evidence/local_combined/RESULT.json
A	NDEA_Evolve_offruntime/exp014/finalize.py
A	NDEA_Evolve_offruntime/exp014/lean/ClassicalExistence.lean
A	NDEA_Evolve_offruntime/exp014/lean/Controls.lean
A	NDEA_Evolve_offruntime/exp014/lean/Exp013GenericFoundation.lean
A	NDEA_Evolve_offruntime/exp014/lean/Exp014Combined.lean
A	NDEA_Evolve_offruntime/exp014/lean/FourierPotential.lean
A	NDEA_Evolve_offruntime/exp014/lean/FourierProduct.lean
A	NDEA_Evolve_offruntime/exp014/lean/FourierSynthesis.lean
A	NDEA_Evolve_offruntime/exp014/lean/GlobalLinearEvolution.lean
A	NDEA_Evolve_offruntime/exp014/lean/ScalarSeries.lean
A	NDEA_Evolve_offruntime/exp014/lean/StrongOperatorDerivative.lean
A	NDEA_Evolve_offruntime/exp014/lean/WeightedFourier.lean
A	NDEA_Evolve_offruntime/exp014/lean/probes/ControlsBasic.lean
A	NDEA_Evolve_offruntime/exp014/make_combined.py
A	NDEA_Evolve_offruntime/exp014/predecessor_sources/GenericClassical.lean
A	NDEA_Evolve_offruntime/exp014/predecessor_sources/GenericEnergy.lean
A	NDEA_Evolve_offruntime/exp014/predecessor_sources/GenericUniqueness.lean
A	NDEA_Evolve_offruntime/exp014/prepare_bootstrap_inputs.py
A	NDEA_Evolve_offruntime/exp014/prepare_final_sources.py
A	NDEA_Evolve_offruntime/exp014/remote_check/ALLOCATION_QUOTA_CHECK.json
A	NDEA_Evolve_offruntime/exp014/remote_check/BOOTSTRAP_INPUTS.json
A	NDEA_Evolve_offruntime/exp014/remote_check/BOOTSTRAP_LAUNCH.json
A	NDEA_Evolve_offruntime/exp014/remote_check/BOOTSTRAP_RESULT.json
A	NDEA_Evolve_offruntime/exp014/remote_check/ENVIRONMENT_EXPECTED.json
A	NDEA_Evolve_offruntime/exp014/remote_check/EXPORT_RECEIPT.json
A	NDEA_Evolve_offruntime/exp014/remote_check/FINAL_LAUNCH.json
A	NDEA_Evolve_offruntime/exp014/remote_check/FINAL_TRANSFER_CHECK.json
A	NDEA_Evolve_offruntime/exp014/remote_check/FINAL_UPLOAD.json
A	NDEA_Evolve_offruntime/exp014/remote_check/PREDECESSOR_ENVIRONMENT.json
A	NDEA_Evolve_offruntime/exp014/remote_check/SESSION_RECONNECTION.json
A	NDEA_Evolve_offruntime/exp014/remote_check/VM_ALLOCATION.json
A	NDEA_Evolve_offruntime/exp014/remote_check/bootstrap.py
A	NDEA_Evolve_offruntime/exp014/remote_check/bootstrap_inputs/Combined.lean
A	NDEA_Evolve_offruntime/exp014/remote_check/bootstrap_inputs/INPUT_HASHES.json
A	NDEA_Evolve_offruntime/exp014/remote_check/bootstrap_inputs/bootstrap_colab.py
A	NDEA_Evolve_offruntime/exp014/remote_check/bootstrap_inputs/lake-manifest.json
A	NDEA_Evolve_offruntime/exp014/remote_check/bootstrap_inputs/lean_import_closure.py
A	NDEA_Evolve_offruntime/exp014/remote_check/bootstrap_inputs/verify_exp005.py
A	NDEA_Evolve_offruntime/exp014/remote_check/check_download.py
A	NDEA_Evolve_offruntime/exp014/remote_check/downloaded_evidence/final_verification/RESULT.json
A	NDEA_Evolve_offruntime/exp014/remote_check/export_evidence.py
A	NDEA_Evolve_offruntime/exp014/remote_check/initialize.py
A	NDEA_Evolve_offruntime/exp014/remote_check/start_bootstrap.py
A	NDEA_Evolve_offruntime/exp014/remote_check/start_final.py
A	NDEA_Evolve_offruntime/exp014/remote_check/status.py
A	NDEA_Evolve_offruntime/exp014/run_lean.py
A	NDEA_Evolve_offruntime/exp014/test_combined_infrastructure.py
A	NDEA_Evolve_offruntime/exp014/test_environment_isolation.py
A	NDEA_Evolve_offruntime/exp014/test_infrastructure.py
A	NDEA_Evolve_offruntime/exp014/verification_tools/lean_import_closure.py
A	NDEA_Evolve_offruntime/exp014/verification_tools/verify_exp005.py
A	NDEA_Evolve_offruntime/exp014/verify_combined.py
A	NDEA_Evolve_offruntime/exp015/INFRASTRUCTURE_REVIEW.md
A	NDEA_Evolve_offruntime/exp015/MATHEMATICAL_DERIVATION.md
A	NDEA_Evolve_offruntime/exp015/PLAN.md
A	NDEA_Evolve_offruntime/exp015/REPRODUCE.md
A	NDEA_Evolve_offruntime/exp015/SAVED_FILES.md
A	NDEA_Evolve_offruntime/exp015/attempts/controls_r0/20260909T023536.861572Z_Controls.json
A	NDEA_Evolve_offruntime/exp015/attempts/controls_r0/20260909T023536.861572Z_Controls.log
A	NDEA_Evolve_offruntime/exp015/attempts/controls_r0/Controls.lean
A	NDEA_Evolve_offruntime/exp015/attempts/controls_r0/PRESERVATION.json
A	NDEA_Evolve_offruntime/exp015/attempts/spatial_l2_r1/20260909T021151.242520Z_SpatialL2.json
A	NDEA_Evolve_offruntime/exp015/attempts/spatial_l2_r1/20260909T021151.242520Z_SpatialL2.log
A	NDEA_Evolve_offruntime/exp015/attempts/spatial_l2_r1/PRESERVATION.json
A	NDEA_Evolve_offruntime/exp015/attempts/spatial_l2_r1/SpatialL2.lean
A	NDEA_Evolve_offruntime/exp015/check_predecessors.py
A	NDEA_Evolve_offruntime/exp015/evidence/20260909T020804.334727Z_ScalarSqrtEstimate.json
A	NDEA_Evolve_offruntime/exp015/evidence/20260909T020804.334727Z_ScalarSqrtEstimate.log
A	NDEA_Evolve_offruntime/exp015/evidence/20260909T020834.967003Z_ResidualField.json
A	NDEA_Evolve_offruntime/exp015/evidence/20260909T020834.967003Z_ResidualField.log
A	NDEA_Evolve_offruntime/exp015/evidence/20260909T021151.242520Z_SpatialL2.json
A	NDEA_Evolve_offruntime/exp015/evidence/20260909T021151.242520Z_SpatialL2.log
A	NDEA_Evolve_offruntime/exp015/evidence/20260909T021809.399759Z_SpatialL2.json
A	NDEA_Evolve_offruntime/exp015/evidence/20260909T021809.399759Z_SpatialL2.log
A	NDEA_Evolve_offruntime/exp015/evidence/20260909T022244.427691Z_ForcedStability.json
A	NDEA_Evolve_offruntime/exp015/evidence/20260909T022244.427691Z_ForcedStability.log
A	NDEA_Evolve_offruntime/exp015/evidence/20260909T022557.243378Z_ResidualEstimate.json
A	NDEA_Evolve_offruntime/exp015/evidence/20260909T022557.243378Z_ResidualEstimate.log
A	NDEA_Evolve_offruntime/exp015/evidence/20260909T022941.122474Z_VariablePotentialBridge.json
A	NDEA_Evolve_offruntime/exp015/evidence/20260909T022941.122474Z_VariablePotentialBridge.log
A	NDEA_Evolve_offruntime/exp015/evidence/20260909T023536.861572Z_Controls.json
A	NDEA_Evolve_offruntime/exp015/evidence/20260909T023536.861572Z_Controls.log
A	NDEA_Evolve_offruntime/exp015/evidence/20260909T024243.649302Z_Controls.json
A	NDEA_Evolve_offruntime/exp015/evidence/20260909T024243.649302Z_Controls.log
A	NDEA_Evolve_offruntime/exp015/evidence/BASELINE.json
A	NDEA_Evolve_offruntime/exp015/evidence/COMBINED_INFRASTRUCTURE_TESTS.json
A	NDEA_Evolve_offruntime/exp015/evidence/ENVIRONMENT_ISOLATION_TEST.json
A	NDEA_Evolve_offruntime/exp015/evidence/FINALIZER_GATE_TESTS.json
A	NDEA_Evolve_offruntime/exp015/evidence/INFRASTRUCTURE_TESTS.json
A	NDEA_Evolve_offruntime/exp015/evidence/PREDECESSOR_PRESERVATION.json
A	NDEA_Evolve_offruntime/exp015/finalize.py
A	NDEA_Evolve_offruntime/exp015/lean/Controls.lean
A	NDEA_Evolve_offruntime/exp015/lean/Exp014Foundation.lean
A	NDEA_Evolve_offruntime/exp015/lean/ForcedStability.lean
A	NDEA_Evolve_offruntime/exp015/lean/ResidualEstimate.lean
A	NDEA_Evolve_offruntime/exp015/lean/ResidualField.lean
A	NDEA_Evolve_offruntime/exp015/lean/ScalarSqrtEstimate.lean
A	NDEA_Evolve_offruntime/exp015/lean/SpatialL2.lean
A	NDEA_Evolve_offruntime/exp015/lean/VariablePotentialBridge.lean
A	NDEA_Evolve_offruntime/exp015/make_combined.py
A	NDEA_Evolve_offruntime/exp015/predecessor_sources/Exp014Combined.lean
A	NDEA_Evolve_offruntime/exp015/prepare_bootstrap_inputs.py
A	NDEA_Evolve_offruntime/exp015/prepare_final_sources.py
A	NDEA_Evolve_offruntime/exp015/remote_check/ENVIRONMENT_EXPECTED.json
A	NDEA_Evolve_offruntime/exp015/remote_check/PREDECESSOR_ENVIRONMENT.json
A	NDEA_Evolve_offruntime/exp015/remote_check/VM_ALLOCATION.json
A	NDEA_Evolve_offruntime/exp015/remote_check/bootstrap.py
A	NDEA_Evolve_offruntime/exp015/remote_check/bootstrap_inputs/bootstrap_colab.py
A	NDEA_Evolve_offruntime/exp015/remote_check/bootstrap_inputs/lake-manifest.json
A	NDEA_Evolve_offruntime/exp015/remote_check/bootstrap_inputs/lean_import_closure.py
A	NDEA_Evolve_offruntime/exp015/remote_check/bootstrap_inputs/verify_exp005.py
A	NDEA_Evolve_offruntime/exp015/remote_check/check_download.py
A	NDEA_Evolve_offruntime/exp015/remote_check/export_evidence.py
A	NDEA_Evolve_offruntime/exp015/remote_check/initialize.py
A	NDEA_Evolve_offruntime/exp015/remote_check/start_bootstrap.py
A	NDEA_Evolve_offruntime/exp015/remote_check/start_final.py
A	NDEA_Evolve_offruntime/exp015/remote_check/status.py
A	NDEA_Evolve_offruntime/exp015/run_lean.py
A	NDEA_Evolve_offruntime/exp015/test_combined_infrastructure.py
A	NDEA_Evolve_offruntime/exp015/test_environment_isolation.py
A	NDEA_Evolve_offruntime/exp015/test_finalizer_gates.py
A	NDEA_Evolve_offruntime/exp015/test_infrastructure.py
A	NDEA_Evolve_offruntime/exp015/verification_tools/lean_import_closure.py
A	NDEA_Evolve_offruntime/exp015/verification_tools/verify_exp005.py
A	NDEA_Evolve_offruntime/exp015/verify_combined.py
A	NDEA_GITHUB_SOURCE_MANIFEST.json
A	NDEA_Recovery/BACKUP_UPLOADS.json
A	NDEA_Recovery/LOCAL_BACKUP_RECEIPT.json
A	NDEA_Recovery/LOCAL_COPY_TEST_RESULT.json
A	NDEA_Recovery/OFF_MACHINE_BACKUP_RECEIPT.json
A	NDEA_Recovery/README.md
A	NDEA_Recovery/RECOVERY_POLICY.md
A	NDEA_Recovery/RECOVERY_REVIEW.md
A	NDEA_Recovery/RECOVERY_TEST_RESULT.json
A	NDEA_Recovery/RELEASE_ARCHIVE_RECEIPT.json
A	NDEA_Recovery/RELEASE_INVENTORY.json
A	NDEA_Recovery/RUN_MANIFEST.json
A	NDEA_Recovery/START_HERE.md
A	NDEA_Recovery/TASK_STATE.json
A	NDEA_Recovery/WATCHER_STATUS.json
A	NDEA_Recovery/archive_releases.py
A	NDEA_Recovery/checkpoint.py
A	NDEA_Recovery/make_local_copy.py
A	NDEA_Recovery/test_local_copy.py
A	NDEA_Recovery/test_recovery.py
A	NDEA_Recovery/verify_off_machine.py
