/home/richman954/NDEA_Evolve_offruntime/exp015/lean/Exp015Combined.lean:319:0: warning: automatically included section variable(s) unused in theorem `NDEAEvolve.Exp013.energy_intervalIntegrable`:
  [CompleteSpace H]
consider restructuring your `variable` declarations so that the variables are not in scope or explicitly omit them:
  omit [CompleteSpace H] in theorem ...

Note: This linter can be disabled with `set_option linter.unusedSectionVars false`
/home/richman954/NDEA_Evolve_offruntime/exp015/lean/Exp015Combined.lean:326:0: warning: automatically included section variable(s) unused in theorem `NDEAEvolve.Exp013.densityDerivative_intervalIntegrable`:
  [CompleteSpace H]
consider restructuring your `variable` declarations so that the variables are not in scope or explicitly omit them:
  omit [CompleteSpace H] in theorem ...

Note: This linter can be disabled with `set_option linter.unusedSectionVars false`
/home/richman954/NDEA_Evolve_offruntime/exp015/lean/Exp015Combined.lean:333:0: warning: automatically included section variable(s) unused in theorem `NDEAEvolve.Exp013.fluxDerivative_intervalIntegrable`:
  [CompleteSpace H]
consider restructuring your `variable` declarations so that the variables are not in scope or explicitly omit them:
  omit [CompleteSpace H] in theorem ...

Note: This linter can be disabled with `set_option linter.unusedSectionVars false`
/home/richman954/NDEA_Evolve_offruntime/exp015/lean/Exp015Combined.lean:348:0: warning: automatically included section variable(s) unused in theorem `NDEAEvolve.Exp013.energy_time_hasDerivAt`:
  [CompleteSpace H]
consider restructuring your `variable` declarations so that the variables are not in scope or explicitly omit them:
  omit [CompleteSpace H] in theorem ...

Note: This linter can be disabled with `set_option linter.unusedSectionVars false`
/home/richman954/NDEA_Evolve_offruntime/exp015/lean/Exp015Combined.lean:421:0: warning: automatically included section variable(s) unused in theorem `NDEAEvolve.Exp013.norm_sq_integral_pos_of_ne_zero`:
  [InnerProductSpace ℂ H]
  [CompleteSpace H]
consider restructuring your `variable` declarations so that the variables are not in scope or explicitly omit them:
  omit [InnerProductSpace ℂ H] [CompleteSpace H] in theorem ...

Note: This linter can be disabled with `set_option linter.unusedSectionVars false`
/home/richman954/NDEA_Evolve_offruntime/exp015/lean/Exp015Combined.lean:540:0: warning: automatically included section variable(s) unused in theorem `NDEAEvolve.Exp014.dysonTerm_continuous`:
  [CompleteSpace E]
consider restructuring your `variable` declarations so that the variables are not in scope or explicitly omit them:
  omit [CompleteSpace E] in theorem ...

Note: This linter can be disabled with `set_option linter.unusedSectionVars false`
/home/richman954/NDEA_Evolve_offruntime/exp015/lean/Exp015Combined.lean:558:0: warning: automatically included section variable(s) unused in theorem `NDEAEvolve.Exp014.dysonTerm_succ_zero`:
  [CompleteSpace E]
consider restructuring your `variable` declarations so that the variables are not in scope or explicitly omit them:
  omit [CompleteSpace E] in theorem ...

Note: This linter can be disabled with `set_option linter.unusedSectionVars false`
/home/richman954/NDEA_Evolve_offruntime/exp015/lean/Exp015Combined.lean:562:0: warning: automatically included section variable(s) unused in theorem `NDEAEvolve.Exp014.dysonTerm_norm_le`:
  [CompleteSpace E]
consider restructuring your `variable` declarations so that the variables are not in scope or explicitly omit them:
  omit [CompleteSpace E] in theorem ...

Note: This linter can be disabled with `set_option linter.unusedSectionVars false`
/home/richman954/NDEA_Evolve_offruntime/exp015/lean/Exp015Combined.lean:651:0: warning: automatically included section variable(s) unused in theorem `NDEAEvolve.Exp014.operatorEvaluation_continuous`:
  [CompleteSpace E]
consider restructuring your `variable` declarations so that the variables are not in scope or explicitly omit them:
  omit [CompleteSpace E] in theorem ...

Note: This linter can be disabled with `set_option linter.unusedSectionVars false`
/home/richman954/NDEA_Evolve_offruntime/exp015/lean/Exp015Combined.lean:928:8: warning: automatically included section variable(s) unused in theorem `_private.lean.Exp015Combined.0.NDEAEvolve.Exp014.scalar_identity_norm_le`:
  [CompleteSpace H]
consider restructuring your `variable` declarations so that the variables are not in scope or explicitly omit them:
  omit [CompleteSpace H] in theorem ...

Note: This linter can be disabled with `set_option linter.unusedSectionVars false`
/home/richman954/NDEA_Evolve_offruntime/exp015/lean/Exp015Combined.lean:1073:8: warning: automatically included section variable(s) unused in theorem `_private.lean.Exp015Combined.0.NDEAEvolve.Exp014.state_norm_eq`:
  [InnerProductSpace ℂ H]
  [CompleteSpace H]
consider restructuring your `variable` declarations so that the variables are not in scope or explicitly omit them:
  omit [InnerProductSpace ℂ H] [CompleteSpace H] in theorem ...

Note: This linter can be disabled with `set_option linter.unusedSectionVars false`
/home/richman954/NDEA_Evolve_offruntime/exp015/lean/Exp015Combined.lean:1079:8: warning: automatically included section variable(s) unused in theorem `_private.lean.Exp015Combined.0.NDEAEvolve.Exp014.shiftValue_norm_le`:
  [CompleteSpace H]
consider restructuring your `variable` declarations so that the variables are not in scope or explicitly omit them:
  omit [CompleteSpace H] in theorem ...

Note: This linter can be disabled with `set_option linter.unusedSectionVars false`
/home/richman954/NDEA_Evolve_offruntime/exp015/lean/Exp015Combined.lean:1188:0: warning: automatically included section variable(s) unused in theorem `NDEAEvolve.Exp014.regularPotential_absolute`:
  [CompleteSpace H]
consider restructuring your `variable` declarations so that the variables are not in scope or explicitly omit them:
  omit [CompleteSpace H] in theorem ...

Note: This linter can be disabled with `set_option linter.unusedSectionVars false`
/home/richman954/NDEA_Evolve_offruntime/exp015/lean/Exp015Combined.lean:1211:0: warning: automatically included section variable(s) unused in theorem `NDEAEvolve.Exp014.operatorPotential_periodic`:
  [CompleteSpace H]
consider restructuring your `variable` declarations so that the variables are not in scope or explicitly omit them:
  omit [CompleteSpace H] in theorem ...

Note: This linter can be disabled with `set_option linter.unusedSectionVars false`
/home/richman954/NDEA_Evolve_offruntime/exp015/lean/Exp015Combined.lean:1905:0: warning: automatically included section variable(s) unused in theorem `NDEAEvolve.Exp015.spatialL2_nonneg`:
  [InnerProductSpace ℂ H]
  [CompleteSpace H]
consider restructuring your `variable` declarations so that the variables are not in scope or explicitly omit them:
  omit [InnerProductSpace ℂ H] [CompleteSpace H] in theorem ...

Note: This linter can be disabled with `set_option linter.unusedSectionVars false`
/home/richman954/NDEA_Evolve_offruntime/exp015/lean/Exp015Combined.lean:1908:0: warning: automatically included section variable(s) unused in theorem `NDEAEvolve.Exp015.spatialL2_sq`:
  [InnerProductSpace ℂ H]
  [CompleteSpace H]
consider restructuring your `variable` declarations so that the variables are not in scope or explicitly omit them:
  omit [InnerProductSpace ℂ H] [CompleteSpace H] in theorem ...

Note: This linter can be disabled with `set_option linter.unusedSectionVars false`
/home/richman954/NDEA_Evolve_offruntime/exp015/lean/Exp015Combined.lean:1922:8: warning: automatically included section variable(s) unused in theorem `NDEAEvolve.Exp015.spatialL2_zero`:
  [InnerProductSpace ℂ H]
  [CompleteSpace H]
consider restructuring your `variable` declarations so that the variables are not in scope or explicitly omit them:
  omit [InnerProductSpace ℂ H] [CompleteSpace H] in theorem ...

Note: This linter can be disabled with `set_option linter.unusedSectionVars false`
/home/richman954/NDEA_Evolve_offruntime/exp015/lean/Exp015Combined.lean:1925:0: warning: automatically included section variable(s) unused in theorem `NDEAEvolve.Exp015.spatialL2_const`:
  [InnerProductSpace ℂ H]
  [CompleteSpace H]
consider restructuring your `variable` declarations so that the variables are not in scope or explicitly omit them:
  omit [InnerProductSpace ℂ H] [CompleteSpace H] in theorem ...

Note: This linter can be disabled with `set_option linter.unusedSectionVars false`
/home/richman954/NDEA_Evolve_offruntime/exp015/lean/Exp015Combined.lean:1939:0: warning: automatically included section variable(s) unused in theorem `NDEAEvolve.Exp015.spatialL2_time_continuous`:
  [InnerProductSpace ℂ H]
  [CompleteSpace H]
consider restructuring your `variable` declarations so that the variables are not in scope or explicitly omit them:
  omit [InnerProductSpace ℂ H] [CompleteSpace H] in theorem ...

Note: This linter can be disabled with `set_option linter.unusedSectionVars false`
/home/richman954/NDEA_Evolve_offruntime/exp015/lean/Exp015Combined.lean:1982:0: warning: automatically included section variable(s) unused in theorem `NDEAEvolve.Exp015.norm_product_integral_le`:
  [InnerProductSpace ℂ H]
  [CompleteSpace H]
consider restructuring your `variable` declarations so that the variables are not in scope or explicitly omit them:
  omit [InnerProductSpace ℂ H] [CompleteSpace H] in theorem ...

Note: This linter can be disabled with `set_option linter.unusedSectionVars false`
/home/richman954/NDEA_Evolve_offruntime/exp015/lean/Exp015Combined.lean:1988:0: warning: automatically included section variable(s) unused in theorem `NDEAEvolve.Exp015.forcingWork_pointwise_le`:
  [CompleteSpace H]
consider restructuring your `variable` declarations so that the variables are not in scope or explicitly omit them:
  omit [CompleteSpace H] in theorem ...

Note: This linter can be disabled with `set_option linter.unusedSectionVars false`
/home/richman954/NDEA_Evolve_offruntime/exp015/lean/Exp015Combined.lean:2044:0: warning: automatically included section variable(s) unused in theorem `NDEAEvolve.Exp015.classical_regular`:
  [CompleteSpace H]
consider restructuring your `variable` declarations so that the variables are not in scope or explicitly omit them:
  omit [CompleteSpace H] in theorem ...

Note: This linter can be disabled with `set_option linter.unusedSectionVars false`
/home/richman954/NDEA_Evolve_offruntime/exp015/lean/Exp015Combined.lean:2056:0: warning: automatically included section variable(s) unused in theorem `NDEAEvolve.Exp015.regular_classical_residual`:
  [CompleteSpace H]
consider restructuring your `variable` declarations so that the variables are not in scope or explicitly omit them:
  omit [CompleteSpace H] in theorem ...

Note: This linter can be disabled with `set_option linter.unusedSectionVars false`
/home/richman954/NDEA_Evolve_offruntime/exp015/lean/Exp015Combined.lean:2069:0: warning: automatically included section variable(s) unused in theorem `NDEAEvolve.Exp015.classical_residual_eq_forcing`:
  [CompleteSpace H]
consider restructuring your `variable` declarations so that the variables are not in scope or explicitly omit them:
  omit [CompleteSpace H] in theorem ...

Note: This linter can be disabled with `set_option linter.unusedSectionVars false`
/home/richman954/NDEA_Evolve_offruntime/exp015/lean/Exp015Combined.lean:2076:0: warning: automatically included section variable(s) unused in theorem `NDEAEvolve.Exp015.pdeResidual_continuous`:
  [CompleteSpace H]
consider restructuring your `variable` declarations so that the variables are not in scope or explicitly omit them:
  omit [CompleteSpace H] in theorem ...

Note: This linter can be disabled with `set_option linter.unusedSectionVars false`
/home/richman954/NDEA_Evolve_offruntime/exp015/lean/Exp015Combined.lean:2086:0: warning: automatically included section variable(s) unused in theorem `NDEAEvolve.Exp015.pdeResidual_zero`:
  [CompleteSpace H]
consider restructuring your `variable` declarations so that the variables are not in scope or explicitly omit them:
  omit [CompleteSpace H] in theorem ...

Note: This linter can be disabled with `set_option linter.unusedSectionVars false`
'NDEAEvolve.Exp015.sqrt_energy_le_initial_add_integral' depends on axioms: [propext, Classical.choice, Quot.sound]
'NDEAEvolve.Exp015.spatialL2_nonneg' depends on axioms: [propext, Classical.choice, Quot.sound]
'NDEAEvolve.Exp015.spatialL2_sq' depends on axioms: [propext, Classical.choice, Quot.sound]
'NDEAEvolve.Exp015.spatialL2_sq_eq_energy' depends on axioms: [propext, Classical.choice, Quot.sound]
'NDEAEvolve.Exp015.energy_nonneg' depends on axioms: [propext, Classical.choice, Quot.sound]
'NDEAEvolve.Exp015.spatialL2_zero' depends on axioms: [propext, Classical.choice, Quot.sound]
'NDEAEvolve.Exp015.spatialL2_const' depends on axioms: [propext, Classical.choice, Quot.sound]
'NDEAEvolve.Exp015.spatialL2_time_continuous' depends on axioms: [propext, Classical.choice, Quot.sound]
'NDEAEvolve.Exp015.norm_product_integral_le' depends on axioms: [propext, Classical.choice, Quot.sound]
'NDEAEvolve.Exp015.forcingWork_pointwise_le' depends on axioms: [propext, Classical.choice, Quot.sound]
'NDEAEvolve.Exp015.forcingWork_integral_le' depends on axioms: [propext, Classical.choice, Quot.sound]
'NDEAEvolve.Exp015.classical_regular' depends on axioms: [propext, Classical.choice, Quot.sound]
'NDEAEvolve.Exp015.regular_classical_residual' depends on axioms: [propext, Classical.choice, Quot.sound]
'NDEAEvolve.Exp015.classical_residual_eq_forcing' depends on axioms: [propext, Classical.choice, Quot.sound]
'NDEAEvolve.Exp015.pdeResidual_continuous' depends on axioms: [propext, Classical.choice, Quot.sound]
'NDEAEvolve.Exp015.regular_zero' depends on axioms: [propext, Classical.choice, Quot.sound]
'NDEAEvolve.Exp015.pdeResidual_zero' depends on axioms: [propext, Classical.choice, Quot.sound]
'NDEAEvolve.Exp015.classical_l2_le_initial_add_forcing' depends on axioms: [propext, Classical.choice, Quot.sound]
'NDEAEvolve.Exp015.classical_forcing_stability' depends on axioms: [propext, Classical.choice, Quot.sound]
'NDEAEvolve.Exp015.classical_same_forcing_l2_eq' depends on axioms: [propext, Classical.choice, Quot.sound]
'NDEAEvolve.Exp015.residual_error_to_classical' depends on axioms: [propext, Classical.choice, Quot.sound]
'NDEAEvolve.Exp015.residual_error_homogeneous' depends on axioms: [propext, Classical.choice, Quot.sound]
'NDEAEvolve.Exp015.residual_error_continuous_potential' depends on axioms: [propext, Classical.choice, Quot.sound]
'NDEAEvolve.Exp015.residual_error_exact_initialization' depends on axioms: [propext, Classical.choice, Quot.sound]
'NDEAEvolve.Exp015.residual_error_uniform_budget' depends on axioms: [propext, Classical.choice, Quot.sound]
'NDEAEvolve.Exp015.variable_potential_residual_error' depends on axioms: [propext, Classical.choice, Quot.sound]
'NDEAEvolve.Exp015.variable_potential_error_from_fourier_data' depends on axioms: [propext,
 Classical.choice,
 Quot.sound]
'NDEAEvolve.Exp015.variable_potential_error_exact_fourier_initialization' depends on axioms: [propext,
 Classical.choice,
 Quot.sound]
'NDEAEvolve.Exp015.Controls.linearField_regular' depends on axioms: [propext, Classical.choice, Quot.sound]
'NDEAEvolve.Exp015.Controls.linearField_residual' depends on axioms: [propext, Classical.choice, Quot.sound]
'NDEAEvolve.Exp015.Controls.linearField_residual_continuous' depends on axioms: [propext, Classical.choice, Quot.sound]
'NDEAEvolve.Exp015.Controls.linearField_initial_zero' depends on axioms: [propext, Classical.choice, Quot.sound]
'NDEAEvolve.Exp015.Controls.linearField_at_one' depends on axioms: [propext, Classical.choice, Quot.sound]
'NDEAEvolve.Exp015.Controls.linearField_l2' depends on axioms: [propext, Classical.choice, Quot.sound]
'NDEAEvolve.Exp015.Controls.linearField_residual_l2' depends on axioms: [propext, Classical.choice, Quot.sound]
'NDEAEvolve.Exp015.Controls.linearField_residual_integral' depends on axioms: [propext, Classical.choice, Quot.sound]
'NDEAEvolve.Exp015.Controls.linearField_saturates_bound' depends on axioms: [propext, Classical.choice, Quot.sound]
'NDEAEvolve.Exp015.Controls.linearField_certified_error' depends on axioms: [propext, Classical.choice, Quot.sound]
'NDEAEvolve.Exp015.Controls.linearField_coefficient_one_required' depends on axioms: [propext,
 Classical.choice,
 Quot.sound]
'NDEAEvolve.Exp015.Controls.linearField_certified_exact_initialization' depends on axioms: [propext,
 Classical.choice,
 Quot.sound]
'NDEAEvolve.Exp015.Controls.constantField_regular' depends on axioms: [propext, Classical.choice, Quot.sound]
'NDEAEvolve.Exp015.Controls.constantField_residual' depends on axioms: [propext, Classical.choice, Quot.sound]
'NDEAEvolve.Exp015.Controls.constantField_l2' depends on axioms: [propext, Classical.choice, Quot.sound]
'NDEAEvolve.Exp015.Controls.constantField_initial_error_preserved' depends on axioms: [propext,
 Classical.choice,
 Quot.sound]
'NDEAEvolve.Exp015.Controls.constantField_residual_integral' depends on axioms: [propext, Classical.choice, Quot.sound]
'NDEAEvolve.Exp015.Controls.constantField_certified_error' depends on axioms: [propext, Classical.choice, Quot.sound]
'NDEAEvolve.Exp015.Controls.constantField_initial_error_cannot_be_omitted' depends on axioms: [propext,
 Classical.choice,
 Quot.sound]
'NDEAEvolve.Exp015.Controls.zeroField_zero_energy' depends on axioms: [propext, Classical.choice, Quot.sound]
'NDEAEvolve.Exp015.Controls.zeroField_certified_error' depends on axioms: [propext, Classical.choice, Quot.sound]
'NDEAEvolve.Exp015.Controls.linearField_time_zero_bound' depends on axioms: [propext, Classical.choice, Quot.sound]
