/home/richman954/NDEA_Evolve_offruntime/exp015/lean/ResidualField.lean:26:0: warning: automatically included section variable(s) unused in theorem `NDEAEvolve.Exp015.classical_regular`:
  [CompleteSpace H]
consider restructuring your `variable` declarations so that the variables are not in scope or explicitly omit them:
  omit [CompleteSpace H] in theorem ...

Note: This linter can be disabled with `set_option linter.unusedSectionVars false`
/home/richman954/NDEA_Evolve_offruntime/exp015/lean/ResidualField.lean:38:0: warning: automatically included section variable(s) unused in theorem `NDEAEvolve.Exp015.regular_classical_residual`:
  [CompleteSpace H]
consider restructuring your `variable` declarations so that the variables are not in scope or explicitly omit them:
  omit [CompleteSpace H] in theorem ...

Note: This linter can be disabled with `set_option linter.unusedSectionVars false`
/home/richman954/NDEA_Evolve_offruntime/exp015/lean/ResidualField.lean:51:0: warning: automatically included section variable(s) unused in theorem `NDEAEvolve.Exp015.classical_residual_eq_forcing`:
  [CompleteSpace H]
consider restructuring your `variable` declarations so that the variables are not in scope or explicitly omit them:
  omit [CompleteSpace H] in theorem ...

Note: This linter can be disabled with `set_option linter.unusedSectionVars false`
/home/richman954/NDEA_Evolve_offruntime/exp015/lean/ResidualField.lean:58:0: warning: automatically included section variable(s) unused in theorem `NDEAEvolve.Exp015.pdeResidual_continuous`:
  [CompleteSpace H]
consider restructuring your `variable` declarations so that the variables are not in scope or explicitly omit them:
  omit [CompleteSpace H] in theorem ...

Note: This linter can be disabled with `set_option linter.unusedSectionVars false`
/home/richman954/NDEA_Evolve_offruntime/exp015/lean/ResidualField.lean:68:0: warning: automatically included section variable(s) unused in theorem `NDEAEvolve.Exp015.pdeResidual_zero`:
  [CompleteSpace H]
consider restructuring your `variable` declarations so that the variables are not in scope or explicitly omit them:
  omit [CompleteSpace H] in theorem ...

Note: This linter can be disabled with `set_option linter.unusedSectionVars false`
