{
  "boot_id": "bb7ce4d2-8e5b-4960-9ba7-5dd6feb82daa",
  "root_exists": true,
  "environment": {
    "passed": true,
    "fresh_root": true,
    "prior_project_paths": [],
    "utc": "2026-09-09T02:15:00.877037+00:00",
    "session": "exp015-independent-check",
    "root": "/content/exp015_check",
    "platform": "Linux-6.6.122+-x86_64-with-glibc2.35",
    "python": "3.13.15",
    "logical_cpus": 2,
    "boot_id": "bb7ce4d2-8e5b-4960-9ba7-5dd6feb82daa",
    "scope": "New Experiment 015 Colab allocation. Project runtime paths absent before initialization. Pinned compiler and external libraries will be independently downloaded; no project artifacts uploaded."
  },
  "root_entries": [
    "ENVIRONMENT.json"
  ]
}
