Warning: truncated output (original token count: 26853)
Total output lines: 168

{"kind": "recovery_checkpoint_receipt", "proof_completion_evidence": false, "published_utc": "2026-09-10T00:12:38.367785+00:00", "active_experiment": "exp016", "archive": "/home/richman954/NDEA_Recovery/snapshots/exp016_recovery_20260910T001236.424901Z_081e3058.zip", "archive_sha256": "7c836c057e826b340618d7a4b615e81e54f61a2afc57376d19318b92b31ec073", "archive_bytes": 34146754, "payload_files_verified": 1338, "final_packet_receipt_captured": false, "task_state_present": true, "reason": "watch_interval", "receipt": "/home/richman954/NDEA_Recovery/snapshots/exp016_recovery_20260910T001236.424901Z_081e3058.json", "receipt_sha256": "fcb61cf1d1ee243bff191be14f71e717d5beb52b4f5dcbd36b771ad4d0e62692"}
{"kind": "recovery_checkpoint_receipt", "proof_completion_evidence": false, "published_utc": "2026-09-10T00:13:40.366666+00:00", "active_experiment": "exp016", "archive": "/home/richman954/NDEA_Recovery/snapshots/exp016_recovery_20260910T001338.435543Z_e5825f40.zip", "archive_sha256": "92e7030fb8fa5b273a72a30447aa42f5dc17c4f2f5c474f63249302a51f3084b", "archive_bytes": 34148075, "payload_files_verified": 1339, "final_packet_receipt_captured": false, "task_state_present": true, "reason": "watch_interval", "receipt": "/home/richman954/NDEA_Recovery/snapshots/exp016_recovery_20260910T001338.435543Z_e5825f40.json", "receipt_sha256": "f57bda762401cb6363c3f8b60319b7e3e2a0ded00a2d5869da323d6facb3d086"}
{"kind": "recovery_checkpoint_receipt", "proof_completion_evidence": false, "published_utc": "2026-09-10T00:14:42.386307+00:00", "active_experiment": "exp016", "archive": "/home/richman954/NDEA_Recovery/snapshots/exp016_recovery_20260910T001440.451334Z_d542a5f3.zip", "archive_sha256": "0e855b44e622d96daa464899b234c5eb65cf0501d80eebe5abc61dd98948dfe5", "archive_bytes": 34148386, "payload_files_verified": 1339, "final_packet_receipt_captured": false, "task_state_present": true, "reason": "watch_interval", "receipt": "/home/richman954/NDEA_Recovery/snapshots/exp016_recovery_20260910T001440.451334Z_d542a5f3.json", "receipt_sha256": "83b2504e0d5b7e5aba44dc211dad8e7a8aa84f013e8335c85012ec37fdb38aaf"}
{"kind": "recovery_checkpoint_receipt", "proof_completion_evidence": false, "published_utc": "2026-09-10T00:15:44.390196+00:00", "active_experiment": "exp016", "archive": "/home/richman954/NDEA_Recovery/snapshots/exp016_recovery_20260910T001542.461479Z_9e2b356a.zip", "archive_sha256": "0e55cbf631a8be31567263a246a38dc65c729411f37cd870ef166ffc112504cd", "archive_bytes": 34148415, "payload_files_verified": 1339, "final_packet_receipt_captured": false, "task_state_present": true, "reason": "watch_interval", "receipt": "/home/richman954/NDEA_Recovery/snapshots/exp016_recovery_20260910T001542.461479Z_9e2b356a.json", "receipt_sha256": "dcb962c3268fd2d8d4c6e78aec2fe78ecf698c9a8e396c527e5ef97f8836e604"}
{"kind": "recovery_checkpoint_receipt", "proof_completion_evidence": false, "published_utc": "2026-09-10T00:16:46.238451+00:00", "active_experiment": "exp016", "archive": "/home/richman954/NDEA_Recovery/snapshots/exp016_recovery_20260910T001644.433521Z_1adf99ab.zip", "archive_sha256": "6a04c8c5f1a5e525c667f46179c92a1e8cccdf7fce464560cfe595de76e67799", "archive_bytes": 34148382, "payload_files_verified": 1339, "final_packet_receipt_captured": false, "task_state_present": true, "reason": "watch_interval", "receipt": "/home/richman954/NDEA_Recovery/snapshots/exp016_recovery_20260910T001644.433521Z_1adf99ab.json", "receipt_sha256": "e572a92e2f5f15a18b12e73bf6625776351aa3d105a0b88edc21d27a8addfdaa"}
{"kind": "recovery_checkpoint_receipt", "proof_completion_evidence": false, "pub…25053 tokens truncated…edeaccc53f2be5e5b8401e4579904", "archive_bytes": 34495731, "payload_files_verified": 1494, "final_packet_receipt_captured": false, "task_state_present": true, "reason": "watch_interval", "receipt": "/home/richman954/NDEA_Recovery/snapshots/exp016_recovery_20260910T024722.819846Z_344cf9a6.json", "receipt_sha256": "22f65f68234c0ff533c9c7053bf24f78e3b4bd927ab5df7d2245407d2d2b8aab"}
{"kind": "recovery_checkpoint_receipt", "proof_completion_evidence": false, "published_utc": "2026-09-10T02:48:30.163210+00:00", "active_experiment": "exp016", "archive": "/home/richman954/NDEA_Recovery/snapshots/exp016_recovery_20260910T024825.765889Z_e48fdaa4.zip", "archive_sha256": "30dda43fdf710fdd96aa14a45da449ec2468db0cd05c09d61994e5ddb99aec26", "archive_bytes": 34497862, "payload_files_verified": 1495, "final_packet_receipt_captured": false, "task_state_present": true, "reason": "watch_interval", "receipt": "/home/richman954/NDEA_Recovery/snapshots/exp016_recovery_20260910T024825.765889Z_e48fdaa4.json", "receipt_sha256": "12230b4ac802d4e412264336dfaf600498760660aad75db18925526d82196823"}
{"kind": "recovery_checkpoint_receipt", "proof_completion_evidence": false, "published_utc": "2026-09-10T02:49:35.175560+00:00", "active_experiment": "exp016", "archive": "/home/richman954/NDEA_Recovery/snapshots/exp016_recovery_20260910T024930.553513Z_1b1edc94.zip", "archive_sha256": "c87ffed0c9947286f8d0e153a623e2caa826d884201dd71c7640231433aa504c", "archive_bytes": 34497808, "payload_files_verified": 1495, "final_packet_receipt_captured": false, "task_state_present": true, "reason": "watch_interval", "receipt": "/home/richman954/NDEA_Recovery/snapshots/exp016_recovery_20260910T024930.553513Z_1b1edc94.json", "receipt_sha256": "b1c3439808941d58436c117be79dd2ddc5b9922271759ddbe671a7ff3b17d16f"}
{"kind": "recovery_checkpoint_receipt", "proof_completion_evidence": false, "published_utc": "2026-09-10T02:50:38.087572+00:00", "active_experiment": "exp016", "archive": "/home/richman954/NDEA_Recovery/snapshots/exp016_recovery_20260910T025035.420328Z_f9e47822.zip", "archive_sha256": "2b60d5a7c96e143b66f0d3912e34e82014a39530c3eb258dd4bc942c2cd51a03", "archive_bytes": 34500394, "payload_files_verified": 1496, "final_packet_receipt_captured": false, "task_state_present": true, "reason": "watch_interval", "receipt": "/home/richman954/NDEA_Recovery/snapshots/exp016_recovery_20260910T025035.420328Z_f9e47822.json", "receipt_sha256": "6eaeff9e06202090d1e1d3d3df773ca5ab58008458f83b6d61f27b2e60f4570c"}
Traceback (most recent call last):
  File "/home/richman954/NDEA_Recovery/checkpoint.py", line 414, in <module>
    main()
  File "/home/richman954/NDEA_Recovery/checkpoint.py", line 403, in main
    watch(args.state.resolve(), args.interval, args.hours)
  File "/home/richman954/NDEA_Recovery/checkpoint.py", line 360, in watch
    receipt = snapshot_once(state, reason, expected_experiment=experiment)
              ^^^^^^^^^^^^^^^^^^^^^^^^^^^^^^^^^^^^^^^^^^^^^^^^^^^^^^^^^^^^
  File "/home/richman954/NDEA_Recovery/checkpoint.py", line 246, in snapshot_once
    paths, excluded = source_paths(state, experiment)
                      ^^^^^^^^^^^^^^^^^^^^^^^^^^^^^^^
  File "/home/richman954/NDEA_Recovery/checkpoint.py", line 197, in source_paths
    paths.extend(github_evidence_paths())
                 ^^^^^^^^^^^^^^^^^^^^^^^
  File "/home/richman954/NDEA_Recovery/checkpoint.py", line 164, in github_evidence_paths
    raise ValueError(f"Invalid GitHub evidence file: {path}")
ValueError: Invalid GitHub evidence file: /home/richman954/NDEA_Recovery/github_evidence/SPATIAL_REFINEMENT_PREPARE.diff

